<html>
<body>
<pre>
<h1>�Vision Build Log</h1>
<h2>Tool Versions:</h2>
IDE-Version: µVision V5.25.2.0
Copyright (C) 2018 ARM Ltd and ARM Germany GmbH. All rights reserved.
License Information: Huajifashi Admin, 67, LIC=YA39H-WTQXY-DYWV3-AS4FP-34TUN-7ASA0
 
Tool Versions:
Toolchain:       MDK-ARM Plus  Version: 5.25.2.0
Toolchain Path:  C:\Keil_v5\ARM\ARMCC\Bin
C Compiler:      Armcc.exe V5.06 update 6 (build 750)
Assembler:       Armasm.exe V5.06 update 6 (build 750)
Linker/Locator:  ArmLink.exe V5.06 update 6 (build 750)
Library Manager: ArmAr.exe V5.06 update 6 (build 750)
Hex Converter:   FromElf.exe V5.06 update 6 (build 750)
CPU DLL:         SARMCM3.DLL V5.25.2.0
Dialog DLL:      DCM.DLL V1.17.1.0
Target DLL:      CMSIS_AGDI.dll V1.29.10.0
Dialog DLL:      TCM.DLL V1.35.1.0
 
<h2>Project:</h2>
D:\实验箱\【传感器实验8】LCD液晶屏实验\USER\Template.uvprojx
Project File Date:  07/14/2026

<h2>Output:</h2>
*** Using Compiler 'V5.06 update 6 (build 750)', folder: 'C:\Keil_v5\ARM\ARMCC\Bin'
Build target 'Template'
assembling startup_stm32f40_41xxx.s...
compiling utils.c...
compiling system_stm32f4xx.c...
compiling main.c...
..\BSP\usart.h(7): warning:  #1-D: last line of file ends without a newline
  #endif
..\BSP\lcd_fonts.h(20): warning:  #1-D: last line of file ends without a newline
  #endif 
..\BSP\lcd_ili9341.h(40): warning:  #1-D: last line of file ends without a newline
  #endif /* __LCD_ILI9341_H__ */
main.c(25): warning:  #1-D: last line of file ends without a newline
  }
main.c: 4 warnings, 0 errors
compiling delay.c...
compiling stm32f4xx_it.c...
compiling lcd_fonts.c...
..\BSP\lcd_fonts.h(20): warning:  #1-D: last line of file ends without a newline
  #endif 
..\BSP\lcd_fonts.c(127): warning:  #1-D: last line of file ends without a newline
  }
..\BSP\lcd_fonts.c: 2 warnings, 0 errors
compiling lcd_ili9341.c...
..\BSP\lcd_fonts.h(20): warning:  #1-D: last line of file ends without a newline
  #endif 
..\BSP\lcd_ili9341.h(40): warning:  #1-D: last line of file ends without a newline
  #endif /* __LCD_ILI9341_H__ */
..\BSP\lcd_ili9341.c(489): warning:  #1-D: last line of file ends without a newline
  }
..\BSP\lcd_ili9341.c: 3 warnings, 0 errors
linking...
Program Size: Code=3532 RO-data=1944 RW-data=44 ZI-data=1028  
FromELF: creating hex file...
"..\OBJ\Template.axf" - 0 Error(s), 9 Warning(s).

<h2>Software Packages used:</h2>

Package Vendor: Keil
                http://www.keil.com/pack/Keil.STM32F4xx_DFP.1.0.8.pack
                Keil.STM32F4xx_DFP.1.0.8
                STMicroelectronics STM32F4 Series Device Support, Drivers and Examples

<h2>Collection of Component include folders:</h2>
  .\RTE\_Template
  C:\Keil_v5\ARM\PACK\Keil\STM32F4xx_DFP\1.0.8\Device\Include

<h2>Collection of Component Files used:</h2>
Build Time Elapsed:  00:00:02
</pre>
</body>
</html>
