Component: ARM Compiler 5.06 update 6 (build 750) Tool: armlink [4d35ed]

==============================================================================

Section Cross References

    dht11.o(i.DHT11_Init) refers to stm32f4xx_rcc.o(i.RCC_AHB1PeriphClockCmd) for RCC_AHB1PeriphClockCmd
    dht11.o(i.DHT11_Init) refers to dht11.o(i.DHT11_Mode_OUT) for DHT11_Mode_OUT
    dht11.o(i.DHT11_Init) refers to stm32f4xx_gpio.o(i.GPIO_SetBits) for GPIO_SetBits
    dht11.o(i.DHT11_Mode_IN) refers to stm32f4xx_gpio.o(i.GPIO_Init) for GPIO_Init
    dht11.o(i.DHT11_Mode_OUT) refers to stm32f4xx_gpio.o(i.GPIO_Init) for GPIO_Init
    dht11.o(i.DHT11_ReadBit) refers to dht11.o(i.DHT11_WaitFor) for DHT11_WaitFor
    dht11.o(i.DHT11_ReadBit) refers to delay.o(i.delay_us) for delay_us
    dht11.o(i.DHT11_ReadBit) refers to stm32f4xx_gpio.o(i.GPIO_ReadInputDataBit) for GPIO_ReadInputDataBit
    dht11.o(i.DHT11_ReadByte) refers to dht11.o(i.DHT11_ReadBit) for DHT11_ReadBit
    dht11.o(i.DHT11_ReadData) refers to dht11.o(i.DHT11_Mode_OUT) for DHT11_Mode_OUT
    dht11.o(i.DHT11_ReadData) refers to stm32f4xx_gpio.o(i.GPIO_SetBits) for GPIO_SetBits
    dht11.o(i.DHT11_ReadData) refers to stm32f4xx_gpio.o(i.GPIO_ResetBits) for GPIO_ResetBits
    dht11.o(i.DHT11_ReadData) refers to delay.o(i.delay_ms) for delay_ms
    dht11.o(i.DHT11_ReadData) refers to delay.o(i.delay_us) for delay_us
    dht11.o(i.DHT11_ReadData) refers to dht11.o(i.DHT11_Mode_IN) for DHT11_Mode_IN
    dht11.o(i.DHT11_ReadData) refers to dht11.o(i.DHT11_WaitFor) for DHT11_WaitFor
    dht11.o(i.DHT11_ReadData) refers to dht11.o(i.DHT11_ReadByte) for DHT11_ReadByte
    dht11.o(i.DHT11_WaitFor) refers to delay.o(i.delay_us) for delay_us
    dht11.o(i.DHT11_WaitFor) refers to stm32f4xx_gpio.o(i.GPIO_ReadInputDataBit) for GPIO_ReadInputDataBit
    ir_recv.o(i.IR_GPIO_Init) refers to stm32f4xx_rcc.o(i.RCC_AHB1PeriphClockCmd) for RCC_AHB1PeriphClockCmd
    ir_recv.o(i.IR_GPIO_Init) refers to stm32f4xx_gpio.o(i.GPIO_Init) for GPIO_Init
    ir_recv.o(i.IR_GPIO_Init) refers to stm32f4xx_gpio.o(i.GPIO_PinAFConfig) for GPIO_PinAFConfig
    ir_recv.o(i.IR_Rece_Proc) refers to printf8.o(i.__0printf$8) for __2printf
    ir_recv.o(i.IR_Recv) refers to main.o(i.IR_Rece_Proc) for IR_Rece_Proc
    ir_recv.o(i.IR_Recv) refers to ir_recv.o(.data) for IRState
    ir_recv.o(i.IR_Recv_Init) refers to ir_recv.o(i.IR_GPIO_Init) for IR_GPIO_Init
    ir_recv.o(i.IR_Recv_Init) refers to ir_recv.o(i.IR_TIM_Init) for IR_TIM_Init
    ir_recv.o(i.IR_TIM_Init) refers to stm32f4xx_rcc.o(i.RCC_APB2PeriphClockCmd) for RCC_APB2PeriphClockCmd
    ir_recv.o(i.IR_TIM_Init) refers to stm32f4xx_tim.o(i.TIM_TimeBaseInit) for TIM_TimeBaseInit
    ir_recv.o(i.IR_TIM_Init) refers to stm32f4xx_tim.o(i.TIM_ICInit) for TIM_ICInit
    ir_recv.o(i.IR_TIM_Init) refers to stm32f4xx_tim.o(i.TIM_ITConfig) for TIM_ITConfig
    ir_recv.o(i.IR_TIM_Init) refers to stm32f4xx_tim.o(i.TIM_Cmd) for TIM_Cmd
    ir_recv.o(i.IR_TIM_Init) refers to misc.o(i.NVIC_Init) for NVIC_Init
    ir_recv.o(i.TIM1_BRK_TIM9_IRQHandler) refers to stm32f4xx_tim.o(i.TIM_GetITStatus) for TIM_GetITStatus
    ir_recv.o(i.TIM1_BRK_TIM9_IRQHandler) refers to stm32f4xx_tim.o(i.TIM_ClearITPendingBit) for TIM_ClearITPendingBit
    ir_recv.o(i.TIM1_BRK_TIM9_IRQHandler) refers to stm32f4xx_tim.o(i.TIM_SetCounter) for TIM_SetCounter
    ir_recv.o(i.TIM1_BRK_TIM9_IRQHandler) refers to stm32f4xx_tim.o(i.TIM_GetCapture1) for TIM_GetCapture1
    ir_recv.o(i.TIM1_BRK_TIM9_IRQHandler) refers to printf8.o(i.__0printf$8) for __2printf
    ir_recv.o(i.TIM1_BRK_TIM9_IRQHandler) refers to ir_recv.o(.data) for IRState
    ir_send.o(i.IR_Send) refers to ir_send.o(i.PwmEnable) for PwmEnable
    ir_send.o(i.IR_Send) refers to delay.o(i.systick_delay_us) for systick_delay_us
    ir_send.o(i.IR_Send) refers to ir_send.o(i.PwmDisable) for PwmDisable
    ir_send.o(i.IR_Send) refers to ir_send.o(i.IR_Sent_Byte) for IR_Sent_Byte
    ir_send.o(i.IR_Send_GPIO_Init) refers to stm32f4xx_rcc.o(i.RCC_AHB1PeriphClockCmd) for RCC_AHB1PeriphClockCmd
    ir_send.o(i.IR_Send_GPIO_Init) refers to stm32f4xx_gpio.o(i.GPIO_Init) for GPIO_Init
    ir_send.o(i.IR_Send_GPIO_Init) refers to stm32f4xx_gpio.o(i.GPIO_PinAFConfig) for GPIO_PinAFConfig
    ir_send.o(i.IR_Send_Init) refers to ir_send.o(i.IR_Send_GPIO_Init) for IR_Send_GPIO_Init
    ir_send.o(i.IR_Send_Init) refers to ir_send.o(i.IR_Send_PWM_Init) for IR_Send_PWM_Init
    ir_send.o(i.IR_Send_PWM_Init) refers to stm32f4xx_rcc.o(i.RCC_APB2PeriphClockCmd) for RCC_APB2PeriphClockCmd
    ir_send.o(i.IR_Send_PWM_Init) refers to stm32f4xx_tim.o(i.TIM_TimeBaseInit) for TIM_TimeBaseInit
    ir_send.o(i.IR_Send_PWM_Init) refers to stm32f4xx_tim.o(i.TIM_OC1Init) for TIM_OC1Init
    ir_send.o(i.IR_Send_PWM_Init) refers to stm32f4xx_tim.o(i.TIM_CCxCmd) for TIM_CCxCmd
    ir_send.o(i.IR_Sent_Byte) refers to ir_send.o(i.PwmEnable) for PwmEnable
    ir_send.o(i.IR_Sent_Byte) refers to delay.o(i.systick_delay_us) for systick_delay_us
[...]
    Removing stm32f4xx_rtc.o(i.RTC_TimeStampCmd), (56 bytes).
    Removing stm32f4xx_rtc.o(i.RTC_TimeStampOnTamperDetectionCmd), (36 bytes).
    Removing stm32f4xx_rtc.o(i.RTC_TimeStampPinSelection), (28 bytes).
    Removing stm32f4xx_rtc.o(i.RTC_TimeStructInit), (12 bytes).
    Removing stm32f4xx_rtc.o(i.RTC_WaitForSynchro), (96 bytes).
    Removing stm32f4xx_rtc.o(i.RTC_WakeUpClockConfig), (48 bytes).
    Removing stm32f4xx_rtc.o(i.RTC_WakeUpCmd), (120 bytes).
    Removing stm32f4xx_rtc.o(i.RTC_WriteBackupRegister), (28 bytes).
    Removing stm32f4xx_rtc.o(i.RTC_WriteProtectionCmd), (28 bytes).
    Removing stm32f4xx_sai.o(.rev16_text), (4 bytes).
    Removing stm32f4xx_sai.o(.revsh_text), (4 bytes).
    Removing stm32f4xx_sai.o(i.SAI_ClearFlag), (8 bytes).
    Removing stm32f4xx_sai.o(i.SAI_ClearITPendingBit), (8 bytes).
    Removing stm32f4xx_sai.o(i.SAI_Cmd), (22 bytes).
    Removing stm32f4xx_sai.o(i.SAI_CompandingModeConfig), (16 bytes).
    Removing stm32f4xx_sai.o(i.SAI_DMACmd), (22 bytes).
    Removing stm32f4xx_sai.o(i.SAI_DeInit), (24 bytes).
    Removing stm32f4xx_sai.o(i.SAI_FlushFIFO), (10 bytes).
    Removing stm32f4xx_sai.o(i.SAI_FrameInit), (44 bytes).
    Removing stm32f4xx_sai.o(i.SAI_FrameStructInit), (18 bytes).
    Removing stm32f4xx_sai.o(i.SAI_GetCmdStatus), (20 bytes).
    Removing stm32f4xx_sai.o(i.SAI_GetFIFOStatus), (12 bytes).
    Removing stm32f4xx_sai.o(i.SAI_GetFlagStatus), (18 bytes).
    Removing stm32f4xx_sai.o(i.SAI_GetITStatus), (30 bytes).
    Removing stm32f4xx_sai.o(i.SAI_ITConfig), (18 bytes).
    Removing stm32f4xx_sai.o(i.SAI_Init), (72 bytes).
    Removing stm32f4xx_sai.o(i.SAI_MonoModeConfig), (18 bytes).
    Removing stm32f4xx_sai.o(i.SAI_MuteFrameCounterConfig), (18 bytes).
    Removing stm32f4xx_sai.o(i.SAI_MuteModeCmd), (22 bytes).
    Removing stm32f4xx_sai.o(i.SAI_MuteValueConfig), (16 bytes).
    Removing stm32f4xx_sai.o(i.SAI_ReceiveData), (6 bytes).
    Removing stm32f4xx_sai.o(i.SAI_SendData), (4 bytes).
    Removing stm32f4xx_sai.o(i.SAI_SlotInit), (36 bytes).
    Removing stm32f4xx_sai.o(i.SAI_SlotStructInit), (16 bytes).
    Removing stm32f4xx_sai.o(i.SAI_StructInit), (28 bytes).
    Removing stm32f4xx_sai.o(i.SAI_TRIStateConfig), (18 bytes).
    Removing stm32f4xx_sdio.o(.rev16_text), (4 bytes).
    Removing stm32f4xx_sdio.o(.revsh_text), (4 bytes).
    Removing stm32f4xx_sdio.o(i.SDIO_CEATAITCmd), (16 bytes).
    Removing stm32f4xx_sdio.o(i.SDIO_ClearFlag), (12 bytes).
    Removing stm32f4xx_sdio.o(i.SDIO_ClearITPendingBit), (12 bytes).
    Removing stm32f4xx_sdio.o(i.SDIO_ClockCmd), (12 bytes).
    Removing stm32f4xx_sdio.o(i.SDIO_CmdStructInit), (14 bytes).
    Removing stm32f4xx_sdio.o(i.SDIO_CommandCompletionCmd), (12 bytes).
    Removing stm32f4xx_sdio.o(i.SDIO_DMACmd), (12 bytes).
    Removing stm32f4xx_sdio.o(i.SDIO_DataConfig), (52 bytes).
    Removing stm32f4xx_sdio.o(i.SDIO_DataStructInit), (20 bytes).
    Removing stm32f4xx_sdio.o(i.SDIO_DeInit), (22 bytes).
    Removing stm32f4xx_sdio.o(i.SDIO_GetCommandResponse), (12 bytes).
    Removing stm32f4xx_sdio.o(i.SDIO_GetDataCounter), (12 bytes).
    Removing stm32f4xx_sdio.o(i.SDIO_GetFIFOCount), (12 bytes).
    Removing stm32f4xx_sdio.o(i.SDIO_GetFlagStatus), (24 bytes).
    Removing stm32f4xx_sdio.o(i.SDIO_GetITStatus), (24 bytes).
    Removing stm32f4xx_sdio.o(i.SDIO_GetPowerState), (16 bytes).
    Removing stm32f4xx_sdio.o(i.SDIO_GetResponse), (24 bytes).
    Removing stm32f4xx_sdio.o(i.SDIO_ITConfig), (32 bytes).
    Removing stm32f4xx_sdio.o(i.SDIO_Init), (48 bytes).
    Removing stm32f4xx_sdio.o(i.SDIO_ReadData), (12 bytes).
    Removing stm32f4xx_sdio.o(i.SDIO_SendCEATACmd), (12 bytes).
    Removing stm32f4xx_sdio.o(i.SDIO_SendCommand), (44 bytes).
    Removing stm32f4xx_sdio.o(i.SDIO_SendSDIOSuspendCmd), (12 bytes).
    Removing stm32f4xx_sdio.o(i.SDIO_SetPowerState), (12 bytes).
    Removing stm32f4xx_sdio.o(i.SDIO_SetSDIOOperation), (12 bytes).
    Removing stm32f4xx_sdio.o(i.SDIO_SetSDIOReadWaitMode), (12 bytes).
    Removing stm32f4xx_sdio.o(i.SDIO_StartSDIOReadWait), (12 bytes).
    Removing stm32f4xx_sdio.o(i.SDIO_StopSDIOReadWait), (12 bytes).
    Removing stm32f4xx_sdio.o(i.SDIO_StructInit), (16 bytes).
    Removing stm32f4xx_sdio.o(i.SDIO_WriteData), (12 bytes).
    Removing stm32f4xx_spi.o(.rev16_text), (4 bytes).
    Removing stm32f4xx_spi.o(.revsh_text), (4 bytes).
    Removing stm32f4xx_spi.o(i.I2S_Cmd), (24 bytes).
    Removing stm32f4xx_spi.o(i.I2S_FullDuplexConfig), (80 bytes).
    Removing stm32f4xx_spi.o(i.I2S_Init), (408 bytes).
    Removing stm32f4xx_spi.o(i.I2S_StructInit), (20 bytes).
    Removing stm32f4xx_spi.o(i.SPI_BiDirectionalLineConfig), (28 bytes).
    Removing stm32f4xx_spi.o(i.SPI_CalculateCRC), (24 bytes).
    Removing stm32f4xx_spi.o(i.SPI_Cmd), (24 bytes).
    Removing stm32f4xx_spi.o(i.SPI_DataSizeConfig), (18 bytes).
    Removing stm32f4xx_spi.o(i.SPI_GetCRC), (16 bytes).
    Removing stm32f4xx_spi.o(i.SPI_GetCRCPolynomial), (6 bytes).
    Removing stm32f4xx_spi.o(i.SPI_I2S_ClearFlag), (6 bytes).
    Removing stm32f4xx_spi.o(i.SPI_I2S_ClearITPendingBit), (20 bytes).
    Removing stm32f4xx_spi.o(i.SPI_I2S_DMACmd), (18 bytes).
    Removing stm32f4xx_spi.o(i.SPI_I2S_DeInit), (176 bytes).
    Removing stm32f4xx_spi.o(i.SPI_I2S_GetFlagStatus), (18 bytes).
    Removing stm32f4xx_spi.o(i.SPI_I2S_GetITStatus), (52 bytes).
    Removing stm32f4xx_spi.o(i.SPI_I2S_ITConfig), (32 bytes).
    Removing stm32f4xx_spi.o(i.SPI_I2S_ReceiveData), (6 bytes).
    Removing stm32f4xx_spi.o(i.SPI_I2S_SendData), (4 bytes).
    Removing stm32f4xx_spi.o(i.SPI_Init), (60 bytes).
    Removing stm32f4xx_spi.o(i.SPI_NSSInternalSoftwareConfig), (30 bytes).
    Removing stm32f4xx_spi.o(i.SPI_SSOutputCmd), (24 bytes).
    Removing stm32f4xx_spi.o(i.SPI_StructInit), (24 bytes).
    Removing stm32f4xx_spi.o(i.SPI_TIModeCmd), (24 bytes).
    Removing stm32f4xx_spi.o(i.SPI_TransmitCRC), (10 bytes).
    Removing stm32f4xx_syscfg.o(.rev16_text), (4 bytes).
    Removing stm32f4xx_syscfg.o(.revsh_text), (4 bytes).
    Removing stm32f4xx_syscfg.o(i.SYSCFG_CompensationCellCmd), (12 bytes).
    Removing stm32f4xx_syscfg.o(i.SYSCFG_DeInit), (22 bytes).
    Removing stm32f4xx_syscfg.o(i.SYSCFG_ETH_MediaInterfaceConfig), (12 bytes).
    Removing stm32f4xx_syscfg.o(i.SYSCFG_EXTILineConfig), (64 bytes).
    Removing stm32f4xx_syscfg.o(i.SYSCFG_GetCompensationCellStatus), (24 bytes).
    Removing stm32f4xx_syscfg.o(i.SYSCFG_MemoryRemapConfig), (12 bytes).
    Removing stm32f4xx_syscfg.o(i.SYSCFG_MemorySwappingBank), (12 bytes).
    Removing stm32f4xx_tim.o(.rev16_text), (4 bytes).
    Removing stm32f4xx_tim.o(.revsh_text), (4 bytes).
    Removing stm32f4xx_tim.o(i.TIM_ARRPreloadConfig), (24 bytes).
    Removing stm32f4xx_tim.o(i.TIM_BDTRConfig), (32 bytes).
    Removing stm32f4xx_tim.o(i.TIM_BDTRStructInit), (18 bytes).
    Removing stm32f4xx_tim.o(i.TIM_CCPreloadControl), (24 bytes).
    Removing stm32f4xx_tim.o(i.TIM_CCxNCmd), (30 bytes).
    Removing stm32f4xx_tim.o(i.TIM_ClearFlag), (6 bytes).
    Removing stm32f4xx_tim.o(i.TIM_ClearOC1Ref), (18 bytes).
    Removing stm32f4xx_tim.o(i.TIM_ClearOC2Ref), (24 bytes).
    Removing stm32f4xx_tim.o(i.TIM_ClearOC3Ref), (18 bytes).
    Removing stm32f4xx_tim.o(i.TIM_ClearOC4Ref), (24 bytes).
    Removing stm32f4xx_tim.o(i.TIM_CounterModeConfig), (18 bytes).
    Removing stm32f4xx_tim.o(i.TIM_CtrlPWMOutputs), (30 bytes).
    Removing stm32f4xx_tim.o(i.TIM_DMACmd), (18 bytes).
    Removing stm32f4xx_tim.o(i.TIM_DMAConfig), (10 bytes).
    Removing stm32f4xx_tim.o(i.TIM_DeInit), (400 bytes).
    Removing stm32f4xx_tim.o(i.TIM_ETRClockMode1Config), (54 bytes).
    Removing stm32f4xx_tim.o(i.TIM_ETRClockMode2Config), (32 bytes).
    Removing stm32f4xx_tim.o(i.TIM_ETRConfig), (28 bytes).
    Removing stm32f4xx_tim.o(i.TIM_EncoderInterfaceConfig), (66 bytes).
    Removing stm32f4xx_tim.o(i.TIM_ForcedOC2Config), (26 bytes).
    Removing stm32f4xx_tim.o(i.TIM_ForcedOC3Config), (18 bytes).
    Removing stm32f4xx_tim.o(i.TIM_ForcedOC4Config), (26 bytes).
    Removing stm32f4xx_tim.o(i.TIM_GenerateEvent), (4 bytes).
    Removing stm32f4xx_tim.o(i.TIM_GetCapture2), (6 bytes).
    Removing stm32f4xx_tim.o(i.TIM_GetCapture3), (6 bytes).
    Removing stm32f4xx_tim.o(i.TIM_GetCapture4), (6 bytes).
    Removing stm32f4xx_tim.o(i.TIM_GetCounter), (6 bytes).
    Removing stm32f4xx_tim.o(i.TIM_GetFlagStatus), (18 bytes).
    Removing stm32f4xx_tim.o(i.TIM_GetPrescaler), (6 bytes).
    Removing stm32f4xx_tim.o(i.TIM_ICStructInit), (18 bytes).
    Removing stm32f4xx_tim.o(i.TIM_ITRxExternalClockConfig), (24 bytes).
    Removing stm32f4xx_tim.o(i.TIM_InternalClockConfig), (12 bytes).
    Removing stm32f4xx_tim.o(i.TIM_OC1FastConfig), (18 bytes).
    Removing stm32f4xx_tim.o(i.TIM_OC1NPolarityConfig), (18 bytes).
    Removing stm32f4xx_tim.o(i.TIM_OC1PolarityConfig), (18 bytes).
    Removing stm32f4xx_tim.o(i.TIM_OC1PreloadConfig), (18 bytes).
    Removing stm32f4xx_tim.o(i.TIM_OC2FastConfig), (26 bytes).
    Removing stm32f4xx_tim.o(i.TIM_OC2Init), (164 bytes).
    Removing stm32f4xx_tim.o(i.TIM_OC2NPolarityConfig), (26 bytes).
    Removing stm32f4xx_tim.o(i.TIM_OC2PolarityConfig), (26 bytes).
    Removing stm32f4xx_tim.o(i.TIM_OC2PreloadConfig), (26 bytes).
    Removing stm32f4xx_tim.o(i.TIM_OC3FastConfig), (18 bytes).
    Removing stm32f4xx_tim.o(i.TIM_OC3Init), (160 bytes).
    Removing stm32f4xx_tim.o(i.TIM_OC3NPolarityConfig), (26 bytes).
    Removing stm32f4xx_tim.o(i.TIM_OC3PolarityConfig), (26 bytes).
    Removing stm32f4xx_tim.o(i.TIM_OC3PreloadConfig), (18 bytes).
    Removing stm32f4xx_tim.o(i.TIM_OC4FastConfig), (26 bytes).
    Removing stm32f4xx_tim.o(i.TIM_OC4Init), (120 bytes).
    Removing stm32f4xx_tim.o(i.TIM_OC4PolarityConfig), (26 bytes).
    Removing stm32f4xx_tim.o(i.TIM_OC4PreloadConfig), (26 bytes).
    Removing stm32f4xx_tim.o(i.TIM_OCStructInit), (20 bytes).
    Removing stm32f4xx_tim.o(i.TIM_PWMIConfig), (124 bytes).
    Removing stm32f4xx_tim.o(i.TIM_PrescalerConfig), (6 bytes).
    Removing stm32f4xx_tim.o(i.TIM_RemapConfig), (6 bytes).
    Removing stm32f4xx_tim.o(i.TIM_SelectCCDMA), (24 bytes).
    Removing stm32f4xx_tim.o(i.TIM_SelectCOM), (24 bytes).
    Removing stm32f4xx_tim.o(i.TIM_SelectHallSensor), (24 bytes).
    Removing stm32f4xx_tim.o(i.TIM_SelectInputTrigger), (18 bytes).
    Removing stm32f4xx_tim.o(i.TIM_SelectMasterSlaveMode), (18 bytes).
    Removing stm32f4xx_tim.o(i.TIM_SelectOCxM), (86 bytes).
    Removing stm32f4xx_tim.o(i.TIM_SelectOnePulseMode), (18 bytes).
    Removing stm32f4xx_tim.o(i.TIM_SelectOutputTrigger), (18 bytes).
    Removing stm32f4xx_tim.o(i.TIM_SelectSlaveMode), (18 bytes).
    Removing stm32f4xx_tim.o(i.TIM_SetAutoreload), (4 bytes).
    Removing stm32f4xx_tim.o(i.TIM_SetClockDivision), (18 bytes).
    Removing stm32f4xx_tim.o(i.TIM_SetCompare1), (4 bytes).
    Removing stm32f4xx_tim.o(i.TIM_SetCompare2), (4 bytes).
    Removing stm32f4xx_tim.o(i.TIM_SetCompare3), (4 bytes).
    Removing stm32f4xx_tim.o(i.TIM_SetCompare4), (4 bytes).
    Removing stm32f4xx_tim.o(i.TIM_TIxExternalClockConfig), (62 bytes).
    Removing stm32f4xx_tim.o(i.TIM_TimeBaseStructInit), (18 bytes).
    Removing stm32f4xx_tim.o(i.TIM_UpdateDisableConfig), (24 bytes).
    Removing stm32f4xx_tim.o(i.TIM_UpdateRequestConfig), (24 bytes).
    Removing stm32f4xx_usart.o(.rev16_text), (4 bytes).
    Removing stm32f4xx_usart.o(.revsh_text), (4 bytes).
    Removing stm32f4xx_usart.o(i.USART_ClearFlag), (18 bytes).
    Removing stm32f4xx_usart.o(i.USART_ClearITPendingBit), (30 bytes).
    Removing stm32f4xx_usart.o(i.USART_ClockInit), (32 bytes).
    Removing stm32f4xx_usart.o(i.USART_ClockStructInit), (12 bytes).
    Removing stm32f4xx_usart.o(i.USART_DMACmd), (18 bytes).
    Removing stm32f4xx_usart.o(i.USART_DeInit), (240 bytes).
    Removing stm32f4xx_usart.o(i.USART_GetITStatus), (84 bytes).
    Removing stm32f4xx_usart.o(i.USART_HalfDuplexCmd), (24 bytes).
    Removing stm32f4xx_usart.o(i.USART_IrDACmd), (24 bytes).
    Removing stm32f4xx_usart.o(i.USART_IrDAConfig), (18 bytes).
    Removing stm32f4xx_usart.o(i.USART_LINBreakDetectLengthConfig), (18 bytes).
    Removing stm32f4xx_usart.o(i.USART_LINCmd), (24 bytes).
    Removing stm32f4xx_usart.o(i.USART_OneBitMethodCmd), (24 bytes).
    Removing stm32f4xx_usart.o(i.USART_OverSampling8Cmd), (22 bytes).
    Removing stm32f4xx_usart.o(i.USART_ReceiverWakeUpCmd), (24 bytes).
    Removing stm32f4xx_usart.o(i.USART_SendBreak), (10 bytes).
    Removing stm32f4xx_usart.o(i.USART_SetAddress), (18 bytes).
    Removing stm32f4xx_usart.o(i.USART_SetGuardTime), (16 bytes).
    Removing stm32f4xx_usart.o(i.USART_SetPrescaler), (16 bytes).
    Removing stm32f4xx_usart.o(i.USART_SmartCardCmd), (24 bytes).
    Removing stm32f4xx_usart.o(i.USART_SmartCardNACKCmd), (24 bytes).
    Removing stm32f4xx_usart.o(i.USART_StructInit), (24 bytes).
    Removing stm32f4xx_usart.o(i.USART_WakeUpConfig), (18 bytes).
    Removing stm32f4xx_wwdg.o(.rev16_text), (4 bytes).
    Removing stm32f4xx_wwdg.o(.revsh_text), (4 bytes).
    Removing stm32f4xx_wwdg.o(i.WWDG_ClearFlag), (12 bytes).
    Removing stm32f4xx_wwdg.o(i.WWDG_DeInit), (22 bytes).
    Removing stm32f4xx_wwdg.o(i.WWDG_Enable), (16 bytes).
    Removing stm32f4xx_wwdg.o(i.WWDG_EnableIT), (12 bytes).
    Removing stm32f4xx_wwdg.o(i.WWDG_GetFlagStatus), (20 bytes).
    Removing stm32f4xx_wwdg.o(i.WWDG_SetCounter), (16 bytes).
    Removing stm32f4xx_wwdg.o(i.WWDG_SetPrescaler), (24 bytes).
    Removing stm32f4xx_wwdg.o(i.WWDG_SetWindowValue), (40 bytes).
    Removing main.o(.rev16_text), (4 bytes).
    Removing main.o(.revsh_text), (4 bytes).
    Removing stm32f4xx_it.o(.rev16_text), (4 bytes).
    Removing stm32f4xx_it.o(.revsh_text), (4 bytes).
    Removing startup_stm32f40_41xxx.o(HEAP), (512 bytes).
    Removing system_stm32f4xx.o(.rev16_text), (4 bytes).
    Removing system_stm32f4xx.o(.revsh_text), (4 bytes).
    Removing system_stm32f4xx.o(i.SystemCoreClockUpdate), (192 bytes).
    Removing delay.o(.rev16_text), (4 bytes).
    Removing delay.o(.revsh_text), (4 bytes).
    Removing dadd.o(.text), (334 bytes).
    Removing dmul.o(.text), (228 bytes).
    Removing dflti.o(.text), (34 bytes).
    Removing dfixi.o(.text), (62 bytes).
    Removing depilogue.o(.text), (186 bytes).
    Removing ddiv.o(.text), (222 bytes).
    Removing dfixul.o(.text), (48 bytes).
    Removing cdrcmple.o(.text), (48 bytes).

826 unused section(s) (total 42154 bytes) removed from the image.

==============================================================================

Image Symbol Table

    Local Symbols

    Symbol Name                              Value     Ov Type        Size  Object(Section)

    ../clib/microlib/division.c              0x00000000   Number         0  uidiv.o ABSOLUTE
    ../clib/microlib/division.c              0x00000000   Number         0  uldiv.o ABSOLUTE
    ../clib/microlib/init/entry.s            0x00000000   Number         0  entry5.o ABSOLUTE
    ../clib/microlib/init/entry.s            0x00000000   Number         0  entry11b.o ABSOLUTE
    ../clib/microlib/init/entry.s            0x00000000   Number         0  entry2.o ABSOLUTE
    ../clib/microlib/init/entry.s            0x00000000   Number         0  entry7b.o ABSOLUTE
    ../clib/microlib/init/entry.s            0x00000000   Number         0  entry8a.o ABSOLUTE
    ../clib/microlib/init/entry.s            0x00000000   Number         0  entry.o ABSOLUTE
    ../clib/microlib/init/entry.s            0x00000000   Number         0  entry7a.o ABSOLUTE
    ../clib/microlib/init/entry.s            0x00000000   Number         0  entry11a.o ABSOLUTE
    ../clib/microlib/init/entry.s            0x00000000   Number         0  entry10b.o ABSOLUTE
    ../clib/microlib/init/entry.s            0x00000000   Number         0  entry10a.o ABSOLUTE
    ../clib/microlib/init/entry.s            0x00000000   Number         0  entry9b.o ABSOLUTE
    ../clib/microlib/init/entry.s            0x00000000   Number         0  entry9a.o ABSOLUTE
    ../clib/microlib/init/entry.s            0x00000000   Number         0  entry8b.o ABSOLUTE
    ../clib/microlib/longlong.c              0x00000000   Number         0  llsshr.o ABSOLUTE
    ../clib/microlib/longlong.c              0x00000000   Number         0  llshl.o ABSOLUTE
    ../clib/microlib/longlong.c              0x00000000   Number         0  llushr.o ABSOLUTE
    ../clib/microlib/printf/printf.c         0x00000000   Number         0  printf6.o ABSOLUTE
    ../clib/microlib/printf/printf.c         0x00000000   Number         0  printf7.o ABSOLUTE
    ../clib/microlib/printf/printf.c         0x00000000   Number         0  printf8.o ABSOLUTE
    ../clib/microlib/printf/printf.c         0x00000000   Number         0  printfa.o ABSOLUTE
    ../clib/microlib/printf/printf.c         0x00000000   Number         0  printf1.o ABSOLUTE
    ../clib/microlib/printf/printf.c         0x00000000   Number         0  printfb.o ABSOLUTE
    ../clib/microlib/printf/printf.c         0x00000000   Number         0  printf0.o ABSOLUTE
    ../clib/microlib/printf/printf.c         0x00000000   Number         0  printf2.o ABSOLUTE
    ../clib/microlib/printf/printf.c         0x00000000   Number         0  printf3.o ABSOLUTE
    ../clib/microlib/printf/printf.c         0x00000000   Number         0  printf4.o ABSOLUTE
    ../clib/microlib/printf/printf.c         0x00000000   Number         0  printf5.o ABSOLUTE
    ../clib/microlib/printf/stubs.s          0x00000000   Number         0  stubs.o ABSOLUTE
    ../clib/microlib/stdio/streams.c         0x00000000   Number         0  stdout.o ABSOLUTE
    ../clib/microlib/string/memcpy.c         0x00000000   Number         0  memcpya.o ABSOLUTE
    ../clib/microlib/string/memcpy.c         0x00000000   Number         0  memcpyb.o ABSOLUTE
    ../clib/microlib/string/memset.c         0x00000000   Number         0  memseta.o ABSOLUTE
    ../clib/microlib/stubs.s                 0x00000000   Number         0  iusefp.o ABSOLUTE
    ../fplib/microlib/fpadd.c                0x00000000   Number         0  dadd.o ABSOLUTE
    ../fplib/microlib/fpdiv.c                0x00000000   Number         0  ddiv.o ABSOLUTE
    ../fplib/microlib/fpepilogue.c           0x00000000   Number         0  depilogue.o ABSOLUTE
    ../fplib/microlib/fpfix.c                0x00000000   Number         0  dfixul.o ABSOLUTE
    ../fplib/microlib/fpfix.c                0x00000000   Number         0  dfixi.o ABSOLUTE
    ../fplib/microlib/fpflt.c                0x00000000   Number         0  dflti.o ABSOLUTE
    ../fplib/microlib/fpmul.c                0x00000000   Number         0  dmul.o ABSOLUTE
    ..\BSP\dht11.c                           0x00000000   Number         0  dht11.o ABSOLUTE
    ..\BSP\ir_recv.c                         0x00000000   Number         0  ir_recv.o ABSOLUTE
    ..\BSP\ir_send.c                         0x00000000   Number         0  ir_send.o ABSOLUTE
    ..\BSP\lcd_fonts.c                       0x00000000   Number         0  lcd_fonts.o ABSOLUTE
    ..\BSP\lcd_ili9341.c                     0x00000000   Number         0  lcd_ili9341.o ABSOLUTE
    ..\BSP\oled.c                            0x00000000   Number         0  oled.o ABSOLUTE
    ..\BSP\rtc.c                             0x00000000   Number         0  rtc.o ABSOLUTE
    ..\BSP\usart.c                           0x00000000   Number         0  usart.o ABSOLUTE
    ..\BSP\xpt2046.c                         0x00000000   Number         0  xpt2046.o ABSOLUTE
    ..\CMSIS\system_stm32f4xx.c              0x00000000   Number         0  system_stm32f4xx.o ABSOLUTE
    ..\FWLIB\src\misc.c                      0x00000000   Number         0  misc.o ABSOLUTE
    ..\FWLIB\src\stm32f4xx_adc.c             0x00000000   Number         0  stm32f4xx_adc.o ABSOLUTE
    ..\FWLIB\src\stm32f4xx_can.c             0x00000000   Number         0  stm32f4xx_can.o ABSOLUTE
    ..\FWLIB\src\stm32f4xx_crc.c             0x00000000   Number         0  stm32f4xx_crc.o ABSOLUTE
    ..\FWLIB\src\stm32f4xx_cryp.c            0x00000000   Number         0  stm32f4xx_cryp.o ABSOLUTE
    ..\FWLIB\src\stm32f4xx_cryp_aes.c        0x00000000   Number         0  stm32f4xx_cryp_aes.o ABSOLUTE
    ..\FWLIB\src\stm32f4xx_cryp_des.c        0x00000000   Number         0  stm32f4xx_cryp_des.o ABSOLUTE
    ..\FWLIB\src\stm32f4xx_cryp_tdes.c       0x00000000   Number         0  stm32f4xx_cryp_tdes.o ABSOLUTE
    ..\FWLIB\src\stm32f4xx_dac.c             0x00000000   Number         0  stm32f4xx_dac.o ABSOLUTE
    ..\FWLIB\src\stm32f4xx_dbgmcu.c          0x00000000   Number         0  stm32f4xx_dbgmcu.o ABSOLUTE
    ..\FWLIB\src\stm32f4xx_dcmi.c            0x00000000   Number         0  stm32f4xx_dcmi.o ABSOLUTE
    ..\FWLIB\src\stm32f4xx_dma.c             0x00000000   Number         0  stm32f4xx_dma.o ABSOLUTE
    ..\FWLIB\src\stm32f4xx_dma2d.c           0x00000000   Number         0  stm32f4xx_dma2d.o ABSOLUTE
    ..\FWLIB\src\stm32f4xx_exti.c            0x00000000   Number         0  stm32f4xx_exti.o ABSOLUTE
    ..\FWLIB\src\stm32f4xx_flash.c           0x00000000   Number         0  stm32f4xx_flash.o ABSOLUTE
    ..\FWLIB\src\stm32f4xx_flash_ramfunc.c   0x00000000   Number         0  stm32f4xx_flash_ramfunc.o ABSOLUTE
    ..\FWLIB\src\stm32f4xx_fsmc.c            0x00000000   Number         0  stm32f4xx_fsmc.o ABSOLUTE
    ..\FWLIB\src\stm32f4xx_gpio.c            0x00000000   Number         0  stm32f4xx_gpio.o ABSOLUTE
    ..\FWLIB\src\stm32f4xx_hash.c            0x00000000   Number         0  stm32f4xx_hash.o ABSOLUTE
    ..\FWLIB\src\stm32f4xx_hash_md5.c        0x00000000   Number         0  stm32f4xx_hash_md5.o ABSOLUTE
    ..\FWLIB\src\stm32f4xx_hash_sha1.c       0x00000000   Number         0  stm32f4xx_hash_sha1.o ABSOLUTE
    ..\FWLIB\src\stm32f4xx_i2c.c             0x00000000   Number         0  stm32f4xx_i2c.o ABSOLUTE
    ..\FWLIB\src\stm32f4xx_iwdg.c            0x00000000   Number         0  stm32f4xx_iwdg.o ABSOLUTE
    ..\FWLIB\src\stm32f4xx_ltdc.c            0x00000000   Number         0  stm32f4xx_ltdc.o ABSOLUTE
    ..\FWLIB\src\stm32f4xx_pwr.c             0x00000000   Number         0  stm32f4xx_pwr.o ABSOLUTE
    ..\FWLIB\src\stm32f4xx_rcc.c             0x00000000   Number         0  stm32f4xx_rcc.o ABSOLUTE
    ..\FWLIB\src\stm32f4xx_rng.c             0x00000000   Number         0  stm32f4xx_rng.o ABSOLUTE
    ..\FWLIB\src\stm32f4xx_rtc.c             0x00000000   Number         0  stm32f4xx_rtc.o ABSOLUTE
    ..\FWLIB\src\stm32f4xx_sai.c             0x00000000   Number         0  stm32f4xx_sai.o ABSOLUTE
    ..\FWLIB\src\stm32f4xx_sdio.c            0x00000000   Number         0  stm32f4xx_sdio.o ABSOLUTE
    ..\FWLIB\src\stm32f4xx_spi.c             0x00000000   Number         0  stm32f4xx_spi.o ABSOLUTE
    ..\FWLIB\src\stm32f4xx_syscfg.c          0x00000000   Number         0  stm32f4xx_syscfg.o ABSOLUTE
    ..\FWLIB\src\stm32f4xx_tim.c             0x00000000   Number         0  stm32f4xx_tim.o ABSOLUTE
    ..\FWLIB\src\stm32f4xx_usart.c           0x00000000   Number         0  stm32f4xx_usart.o ABSOLUTE
    ..\FWLIB\src\stm32f4xx_wwdg.c            0x00000000   Number         0  stm32f4xx_wwdg.o ABSOLUTE
    ..\STARTUP\startup_stm32f40_41xxx.s      0x00000000   Number         0  startup_stm32f40_41xxx.o ABSOLUTE
    ..\UTILS\delay.c                         0x00000000   Number         0  delay.o ABSOLUTE
    ..\UTILS\utils.c                         0x00000000   Number         0  utils.o ABSOLUTE
    ..\\BSP\\dht11.c                         0x00000000   Number         0  dht11.o ABSOLUTE
    ..\\BSP\\ir_recv.c                       0x00000000   Number         0  ir_recv.o ABSOLUTE
    ..\\BSP\\ir_send.c                       0x00000000   Number         0  ir_send.o ABSOLUTE
    ..\\BSP\\lcd_fonts.c                     0x00000000   Number         0  lcd_fonts.o ABSOLUTE
    ..\\BSP\\lcd_ili9341.c                   0x00000000   Number         0  lcd_ili9341.o ABSOLUTE
    ..\\BSP\\oled.c                          0x00000000   Number         0  oled.o ABSOLUTE
    ..\\BSP\\rtc.c                           0x00000000   Number         0  rtc.o ABSOLUTE
    ..\\BSP\\usart.c                         0x00000000   Number         0  usart.o ABSOLUTE
    ..\\BSP\\xpt2046.c                       0x00000000   Number         0  xpt2046.o ABSOLUTE
    ..\\CMSIS\\system_stm32f4xx.c            0x00000000   Number         0  system_stm32f4xx.o ABSOLUTE
    ..\\FWLIB\\src\\misc.c                   0x00000000   Number         0  misc.o ABSOLUTE
    ..\\FWLIB\\src\\stm32f4xx_adc.c          0x00000000   Number         0  stm32f4xx_adc.o ABSOLUTE
    ..\\FWLIB\\src\\stm32f4xx_can.c          0x00000000   Number         0  stm32f4xx_can.o ABSOLUTE
    ..\\FWLIB\\src\\stm32f4xx_crc.c          0x00000000   Number         0  stm32f4xx_crc.o ABSOLUTE
    ..\\FWLIB\\src\\stm32f4xx_cryp.c         0x00000000   Number         0  stm32f4xx_cryp.o ABSOLUTE
    ..\\FWLIB\\src\\stm32f4xx_cryp_aes.c     0x00000000   Number         0  stm32f4xx_cryp_aes.o ABSOLUTE
    ..\\FWLIB\\src\\stm32f4xx_cryp_des.c     0x00000000   Number         0  stm32f4xx_cryp_des.o ABSOLUTE
    ..\\FWLIB\\src\\stm32f4xx_cryp_tdes.c    0x00000000   Number         0  stm32f4xx_cryp_tdes.o ABSOLUTE
    ..\\FWLIB\\src\\stm32f4xx_dac.c          0x00000000   Number         0  stm32f4xx_dac.o ABSOLUTE
    ..\\FWLIB\\src\\stm32f4xx_dbgmcu.c       0x00000000   Number         0  stm32f4xx_dbgmcu.o ABSOLUTE
    ..\\FWLIB\\src\\stm32f4xx_dcmi.c         0x00000000   Number         0  stm32f4xx_dcmi.o ABSOLUTE
    ..\\FWLIB\\src\\stm32f4xx_dma.c          0x00000000   Number         0  stm32f4xx_dma.o ABSOLUTE
    ..\\FWLIB\\src\\stm32f4xx_dma2d.c        0x00000000   Number         0  stm32f4xx_dma2d.o ABSOLUTE
    ..\\FWLIB\\src\\stm32f4xx_exti.c         0x00000000   Number         0  stm32f4xx_exti.o ABSOLUTE
    ..\\FWLIB\\src\\stm32f4xx_flash.c        0x00000000   Number         0  stm32f4xx_flash.o ABSOLUTE
    ..\\FWLIB\\src\\stm32f4xx_flash_ramfunc.c 0x00000000   Number         0  stm32f4xx_flash_ramfunc.o ABSOLUTE
    ..\\FWLIB\\src\\stm32f4xx_fsmc.c         0x00000000   Number         0  stm32f4xx_fsmc.o ABSOLUTE
    ..\\FWLIB\\src\\stm32f4xx_gpio.c         0x00000000   Number         0  stm32f4xx_gpio.o ABSOLUTE
    ..\\FWLIB\\src\\stm32f4xx_hash.c         0x00000000   Number         0  stm32f4xx_hash.o ABSOLUTE
    ..\\FWLIB\\src\\stm32f4xx_hash_md5.c     0x00000000   Number         0  stm32f4xx_hash_md5.o ABSOLUTE
    ..\\FWLIB\\src\\stm32f4xx_hash_sha1.c    0x00000000   Number         0  stm32f4xx_hash_sha1.o ABSOLUTE
    ..\\FWLIB\\src\\stm32f4xx_i2c.c          0x00000000   Number         0  stm32f4xx_i2c.o ABSOLUTE
    ..\\FWLIB\\src\\stm32f4xx_iwdg.c         0x00000000   Number         0  stm32f4xx_iwdg.o ABSOLUTE
    ..\\FWLIB\\src\\stm32f4xx_ltdc.c         0x00000000   Number         0  stm32f4xx_ltdc.o ABSOLUTE
    ..\\FWLIB\\src\\stm32f4xx_pwr.c          0x00000000   Number         0  stm32f4xx_pwr.o ABSOLUTE
    ..\\FWLIB\\src\\stm32f4xx_rcc.c          0x00000000   Number         0  stm32f4xx_rcc.o ABSOLUTE
    ..\\FWLIB\\src\\stm32f4xx_rng.c          0x00000000   Number         0  stm32f4xx_rng.o ABSOLUTE
    ..\\FWLIB\\src\\stm32f4xx_rtc.c          0x00000000   Number         0  stm32f4xx_rtc.o ABSOLUTE
    ..\\FWLIB\\src\\stm32f4xx_sai.c          0x00000000   Number         0  stm32f4xx_sai.o ABSOLUTE
    ..\\FWLIB\\src\\stm32f4xx_sdio.c         0x00000000   Number         0  stm32f4xx_sdio.o ABSOLUTE
    ..\\FWLIB\\src\\stm32f4xx_spi.c          0x00000000   Number         0  stm32f4xx_spi.o ABSOLUTE
    ..\\FWLIB\\src\\stm32f4xx_syscfg.c       0x00000000   Number         0  stm32f4xx_syscfg.o ABSOLUTE
    ..\\FWLIB\\src\\stm32f4xx_tim.c          0x00000000   Number         0  stm32f4xx_tim.o ABSOLUTE
    ..\\FWLIB\\src\\stm32f4xx_usart.c        0x00000000   Number         0  stm32f4xx_usart.o ABSOLUTE
    ..\\FWLIB\\src\\stm32f4xx_wwdg.c         0x00000000   Number         0  stm32f4xx_wwdg.o ABSOLUTE
    ..\\UTILS\\delay.c                       0x00000000   Number         0  delay.o ABSOLUTE
    cdrcmple.s                               0x00000000   Number         0  cdrcmple.o ABSOLUTE
    dc.s                                     0x00000000   Number         0  dc.o ABSOLUTE
    handlers.s                               0x00000000   Number         0  handlers.o ABSOLUTE
    init.s                                   0x00000000   Number         0  init.o ABSOLUTE
    main.c                                   0x00000000   Number         0  main.o ABSOLUTE
    main.c                                   0x00000000   Number         0  main.o ABSOLUTE
    stm32f4xx_it.c                           0x00000000   Number         0  stm32f4xx_it.o ABSOLUTE
    stm32f4xx_it.c                           0x00000000   Number         0  stm32f4xx_it.o ABSOLUTE
    RESET                                    0x08000000   Section      392  startup_stm32f40_41xxx.o(RESET)
    .ARM.Collect$$$$00000000                 0x08000188   Section        0  entry.o(.ARM.Collect$$$$00000000)
    .ARM.Collect$$$$00000001                 0x08000188   Section        4  entry2.o(.ARM.Collect$$$$00000001)
    .ARM.Collect$$$$00000004                 0x0800018c   Section        4  entry5.o(.ARM.Collect$$$$00000004)
    .ARM.Collect$$$$00000008                 0x08000190   Section        0  entry7b.o(.ARM.Collect$$$$00000008)
    .ARM.Collect$$$$0000000A                 0x08000190   Section        0  entry8b.o(.ARM.Collect$$$$0000000A)
    .ARM.Collect$$$$0000000B                 0x08000190   Section        8  entry9a.o(.ARM.Collect$$$$0000000B)
    .ARM.Collect$$$$0000000D                 0x08000198   Section        0  entry10a.o(.ARM.Collect$$$$0000000D)
    .ARM.Collect$$$$0000000F                 0x08000198   Section        0  entry11a.o(.ARM.Collect$$$$0000000F)
    .ARM.Collect$$$$00002712                 0x08000198   Section        4  entry2.o(.ARM.Collect$$$$00002712)
    __lit__00000000                          0x08000198   Data           4  entry2.o(.ARM.Collect$$$$00002712)
    .text                                    0x0800019c   Section       36  startup_stm32f40_41xxx.o(.text)
    $v0                                      0x0800019c   Number         0  startup_stm32f40_41xxx.o(.text)
    .text                                    0x080001c0   Section        0  memcpya.o(.text)
    .text                                    0x080001e4   Section        0  uldiv.o(.text)
    .text                                    0x08000246   Section        0  llshl.o(.text)
    .text                                    0x08000264   Section        0  llushr.o(.text)
    .text                                    0x08000284   Section       36  init.o(.text)
    i.All_GPIO_Config                        0x080002a8   Section        0  main.o(i.All_GPIO_Config)
    All_GPIO_Config                          0x080002a9   Thumb Code   184  main.o(i.All_GPIO_Config)
    i.BusFault_Handler                       0x0800036c   Section        0  stm32f4xx_it.o(i.BusFault_Handler)
    i.Buzzer_Off                             0x08000370   Section        0  main.o(i.Buzzer_Off)
    Buzzer_Off                               0x08000371   Thumb Code    14  main.o(i.Buzzer_Off)
    i.Buzzer_On                              0x08000384   Section        0  main.o(i.Buzzer_On)
    Buzzer_On                                0x08000385   Thumb Code    14  main.o(i.Buzzer_On)
    i.DebugMon_Handler                       0x08000398   Section        0  stm32f4xx_it.o(i.DebugMon_Handler)
    i.FSMC_NORSRAMCmd                        0x0800039c   Section        0  stm32f4xx_fsmc.o(i.FSMC_NORSRAMCmd)
    i.FSMC_NORSRAMInit                       0x080003d0   Section        0  stm32f4xx_fsmc.o(i.FSMC_NORSRAMInit)
    i.GPIO_Init                              0x080004b6   Section        0  stm32f4xx_gpio.o(i.GPIO_Init)
    i.GPIO_PinAFConfig                       0x08000546   Section        0  stm32f4xx_gpio.o(i.GPIO_PinAFConfig)
    i.GPIO_ReadInputDataBit                  0x0800058c   Section        0  stm32f4xx_gpio.o(i.GPIO_ReadInputDataBit)
    i.GPIO_ResetBits                         0x0800059e   Section        0  stm32f4xx_gpio.o(i.GPIO_ResetBits)
    i.GPIO_SetBits                           0x080005a2   Section        0  stm32f4xx_gpio.o(i.GPIO_SetBits)
    i.HardFault_Handler                      0x080005a6   Section        0  stm32f4xx_it.o(i.HardFault_Handler)
    i.ILI9341_BackLight                      0x080005ac   Section        0  lcd_ili9341.o(i.ILI9341_BackLight)
    ILI9341_BackLight                        0x080005ad   Thumb Code    30  lcd_ili9341.o(i.ILI9341_BackLight)
    i.ILI9341_FSMC_Config                    0x080005d0   Section        0  lcd_ili9341.o(i.ILI9341_FSMC_Config)
    ILI9341_FSMC_Config                      0x080005d1   Thumb Code    94  lcd_ili9341.o(i.ILI9341_FSMC_Config)
    i.ILI9341_FillColor                      0x08000630   Section        0  lcd_ili9341.o(i.ILI9341_FillColor)
    ILI9341_FillColor                        0x08000631   Thumb Code    26  lcd_ili9341.o(i.ILI9341_FillColor)
    i.ILI9341_GPIO_Config                    0x08000650   Section        0  lcd_ili9341.o(i.ILI9341_GPIO_Config)
    ILI9341_GPIO_Config                      0x08000651   Thumb Code   306  lcd_ili9341.o(i.ILI9341_GPIO_Config)
    i.ILI9341_GramScan                       0x0800078c   Section        0  lcd_ili9341.o(i.ILI9341_GramScan)
    ILI9341_GramScan                         0x0800078d   Thumb Code   100  lcd_ili9341.o(i.ILI9341_GramScan)
    i.ILI9341_OpenWindow                     0x08000800   Section        0  lcd_ili9341.o(i.ILI9341_OpenWindow)
    ILI9341_OpenWindow                       0x08000801   Thumb Code    74  lcd_ili9341.o(i.ILI9341_OpenWindow)
    i.ILI9341_REG_Config                     0x08000850   Section        0  lcd_ili9341.o(i.ILI9341_REG_Config)
    ILI9341_REG_Config                       0x08000851   Thumb Code    76  lcd_ili9341.o(i.ILI9341_REG_Config)
    i.ILI9341_Rst                            0x080008a0   Section        0  lcd_ili9341.o(i.ILI9341_Rst)
    ILI9341_Rst                              0x080008a1   Thumb Code    32  lcd_ili9341.o(i.ILI9341_Rst)
    i.IR_GPIO_Init                           0x080008c4   Section        0  ir_recv.o(i.IR_GPIO_Init)
    i.IR_Rece_Proc                           0x080008fc   Section        0  main.o(i.IR_Rece_Proc)
    i.IR_Recv                                0x08000ae4   Section        0  ir_recv.o(i.IR_Recv)
    i.IR_Recv_Init                           0x08000b58   Section        0  ir_recv.o(i.IR_Recv_Init)
    i.IR_Send                                0x08000b64   Section        0  ir_send.o(i.IR_Send)
    i.IR_Send_AC_Signal                      0x08000bb0   Section        0  main.o(i.IR_Send_AC_Signal)
    IR_Send_AC_Signal                        0x08000bb1   Thumb Code   126  main.o(i.IR_Send_AC_Signal)
    i.IR_Send_GPIO_Init                      0x08000c48   Section        0  ir_send.o(i.IR_Send_GPIO_Init)
    i.IR_Send_Init                           0x08000c88   Section        0  ir_send.o(i.IR_Send_Init)
    i.IR_Send_PWM_Init                       0x08000c94   Section        0  ir_send.o(i.IR_Send_PWM_Init)
    i.IR_Sent_Byte                           0x08000cf0   Section        0  ir_send.o(i.IR_Sent_Byte)
    i.IR_TIM_Init                            0x08000d30   Section        0  ir_recv.o(i.IR_TIM_Init)
    i.Key_ReadStable                         0x08000db8   Section        0  main.o(i.Key_ReadStable)
    Key_ReadStable                           0x08000db9   Thumb Code   142  main.o(i.Key_ReadStable)
    i.Key_Scan                               0x08000e50   Section        0  main.o(i.Key_Scan)
    Key_Scan                                 0x08000e51   Thumb Code   942  main.o(i.Key_Scan)
    i.LCD_Clear                              0x08001250   Section        0  lcd_ili9341.o(i.LCD_Clear)
    i.LCD_DispMask                           0x0800127c   Section        0  lcd_ili9341.o(i.LCD_DispMask)
    i.LCD_DispStringEN                       0x080012f8   Section        0  lcd_ili9341.o(i.LCD_DispStringEN)
    i.LCD_GetFontEN                          0x08001374   Section        0  lcd_fonts.o(i.LCD_GetFontEN)
    i.LCD_GetLenX                            0x08001380   Section        0  lcd_ili9341.o(i.LCD_GetLenX)
    i.LCD_GetLenY                            0x0800138c   Section        0  lcd_ili9341.o(i.LCD_GetLenY)
    i.LCD_GetMaskEN                          0x08001398   Section        0  lcd_fonts.o(i.LCD_GetMaskEN)
    i.LCD_Init                               0x080013c8   Section        0  lcd_ili9341.o(i.LCD_Init)
    i.LCD_Refresh                            0x080013f0   Section        0  main.o(i.LCD_Refresh)
    LCD_Refresh                              0x080013f1   Thumb Code   686  main.o(i.LCD_Refresh)
    i.LCD_SetBackColor                       0x080017b8   Section        0  lcd_ili9341.o(i.LCD_SetBackColor)
    i.LCD_SetTextColor                       0x080017c4   Section        0  lcd_ili9341.o(i.LCD_SetTextColor)
    i.LED1_Set                               0x080017d0   Section        0  main.o(i.LED1_Set)
    LED1_Set                                 0x080017d1   Thumb Code    26  main.o(i.LED1_Set)
    i.LED3_Trigger                           0x080017f0   Section        0  main.o(i.LED3_Trigger)
    LED3_Trigger                             0x080017f1   Thumb Code    26  main.o(i.LED3_Trigger)
    i.MemManage_Handler                      0x0800181c   Section        0  stm32f4xx_it.o(i.MemManage_Handler)
    i.NMI_Handler                            0x08001820   Section        0  stm32f4xx_it.o(i.NMI_Handler)
    i.NVIC_Init                              0x08001824   Section        0  misc.o(i.NVIC_Init)
    i.PendSV_Handler                         0x0800189c   Section        0  stm32f4xx_it.o(i.PendSV_Handler)
    i.PwmDisable                             0x080018a0   Section        0  ir_send.o(i.PwmDisable)
    i.PwmEnable                              0x080018b8   Section        0  ir_send.o(i.PwmEnable)
    i.RCC_AHB1PeriphClockCmd                 0x080018d0   Section        0  stm32f4xx_rcc.o(i.RCC_AHB1PeriphClockCmd)
    i.RCC_AHB3PeriphClockCmd                 0x080018f0   Section        0  stm32f4xx_rcc.o(i.RCC_AHB3PeriphClockCmd)
    i.RCC_APB1PeriphClockCmd                 0x08001910   Section        0  stm32f4xx_rcc.o(i.RCC_APB1PeriphClockCmd)
    i.RCC_APB2PeriphClockCmd                 0x08001930   Section        0  stm32f4xx_rcc.o(i.RCC_APB2PeriphClockCmd)
    i.RCC_GetClocksFreq                      0x08001950   Section        0  stm32f4xx_rcc.o(i.RCC_GetClocksFreq)
    i.SVC_Handler                            0x08001a38   Section        0  stm32f4xx_it.o(i.SVC_Handler)
    i.SetSysClock                            0x08001a3c   Section        0  system_stm32f4xx.o(i.SetSysClock)
    SetSysClock                              0x08001a3d   Thumb Code   220  system_stm32f4xx.o(i.SetSysClock)
    i.SysTick_Handler                        0x08001b28   Section        0  main.o(i.SysTick_Handler)
    i.SysTick_Init                           0x08001b38   Section        0  main.o(i.SysTick_Init)
    SysTick_Init                             0x08001b39   Thumb Code    90  main.o(i.SysTick_Init)
    i.SystemInit                             0x08001ba0   Section        0  system_stm32f4xx.o(i.SystemInit)
    i.TI1_Config                             0x08001c08   Section        0  stm32f4xx_tim.o(i.TI1_Config)
    TI1_Config                               0x08001c09   Thumb Code    58  stm32f4xx_tim.o(i.TI1_Config)
    i.TI2_Config                             0x08001c42   Section        0  stm32f4xx_tim.o(i.TI2_Config)
    TI2_Config                               0x08001c43   Thumb Code    80  stm32f4xx_tim.o(i.TI2_Config)
    i.TI3_Config                             0x08001c92   Section        0  stm32f4xx_tim.o(i.TI3_Config)
    TI3_Config                               0x08001c93   Thumb Code    72  stm32f4xx_tim.o(i.TI3_Config)
    i.TI4_Config                             0x08001cda   Section        0  stm32f4xx_tim.o(i.TI4_Config)
    TI4_Config                               0x08001cdb   Thumb Code    80  stm32f4xx_tim.o(i.TI4_Config)
    i.TIM1_BRK_TIM9_IRQHandler               0x08001d2c   Section        0  ir_recv.o(i.TIM1_BRK_TIM9_IRQHandler)
    i.TIM_CCxCmd                             0x08001e80   Section        0  stm32f4xx_tim.o(i.TIM_CCxCmd)
    i.TIM_ClearITPendingBit                  0x08001e9e   Section        0  stm32f4xx_tim.o(i.TIM_ClearITPendingBit)
    i.TIM_Cmd                                0x08001ea4   Section        0  stm32f4xx_tim.o(i.TIM_Cmd)
    i.TIM_ForcedOC1Config                    0x08001ebc   Section        0  stm32f4xx_tim.o(i.TIM_ForcedOC1Config)
    i.TIM_GetCapture1                        0x08001ece   Section        0  stm32f4xx_tim.o(i.TIM_GetCapture1)
    i.TIM_GetITStatus                        0x08001ed4   Section        0  stm32f4xx_tim.o(i.TIM_GetITStatus)
    i.TIM_ICInit                             0x08001ef6   Section        0  stm32f4xx_tim.o(i.TIM_ICInit)
    i.TIM_ITConfig                           0x08001f64   Section        0  stm32f4xx_tim.o(i.TIM_ITConfig)
    i.TIM_OC1Init                            0x08001f78   Section        0  stm32f4xx_tim.o(i.TIM_OC1Init)
    i.TIM_SetCounter                         0x08001ff4   Section        0  stm32f4xx_tim.o(i.TIM_SetCounter)
    i.TIM_SetIC1Prescaler                    0x08001ff8   Section        0  stm32f4xx_tim.o(i.TIM_SetIC1Prescaler)
    i.TIM_SetIC2Prescaler                    0x0800200a   Section        0  stm32f4xx_tim.o(i.TIM_SetIC2Prescaler)
    i.TIM_SetIC3Prescaler                    0x08002024   Section        0  stm32f4xx_tim.o(i.TIM_SetIC3Prescaler)
    i.TIM_SetIC4Prescaler                    0x08002036   Section        0  stm32f4xx_tim.o(i.TIM_SetIC4Prescaler)
    i.TIM_TimeBaseInit                       0x08002050   Section        0  stm32f4xx_tim.o(i.TIM_TimeBaseInit)
    i.UART2_Init                             0x080020d4   Section        0  usart.o(i.UART2_Init)
    i.USART2_IRQHandler                      0x08002180   Section        0  usart.o(i.USART2_IRQHandler)
    i.USART_Cmd                              0x080021a4   Section        0  stm32f4xx_usart.o(i.USART_Cmd)
    i.USART_GetFlagStatus                    0x080021bc   Section        0  stm32f4xx_usart.o(i.USART_GetFlagStatus)
    i.USART_ITConfig                         0x080021d6   Section        0  stm32f4xx_usart.o(i.USART_ITConfig)
    i.USART_Init                             0x08002220   Section        0  stm32f4xx_usart.o(i.USART_Init)
    i.USART_ReceiveData                      0x080022f4   Section        0  stm32f4xx_usart.o(i.USART_ReceiveData)
    i.USART_SendData                         0x080022fe   Section        0  stm32f4xx_usart.o(i.USART_SendData)
    i.UsageFault_Handler                     0x08002306   Section        0  stm32f4xx_it.o(i.UsageFault_Handler)
    i.__0printf$8                            0x0800230c   Section        0  printf8.o(i.__0printf$8)
    i.__0sprintf$8                           0x0800232c   Section        0  printf8.o(i.__0sprintf$8)
    i.__scatterload_copy                     0x08002354   Section       14  handlers.o(i.__scatterload_copy)
    i.__scatterload_null                     0x08002362   Section        2  handlers.o(i.__scatterload_null)
    i.__scatterload_zeroinit                 0x08002364   Section       14  handlers.o(i.__scatterload_zeroinit)
    i._printf_core                           0x08002374   Section        0  printf8.o(i._printf_core)
    _printf_core                             0x08002375   Thumb Code   996  printf8.o(i._printf_core)
    i._printf_post_padding                   0x08002784   Section        0  printf8.o(i._printf_post_padding)
    _printf_post_padding                     0x08002785   Thumb Code    36  printf8.o(i._printf_post_padding)
    i._printf_pre_padding                    0x080027a8   Section        0  printf8.o(i._printf_pre_padding)
    _printf_pre_padding                      0x080027a9   Thumb Code    46  printf8.o(i._printf_pre_padding)
    i._sputc                                 0x080027d6   Section        0  printf8.o(i._sputc)
    _sputc                                   0x080027d7   Thumb Code    10  printf8.o(i._sputc)
    i.delay_ms                               0x080027e0   Section        0  delay.o(i.delay_ms)
    i.delay_us                               0x080027fe   Section        0  delay.o(i.delay_us)
    i.fputc                                  0x0800281c   Section        0  usart.o(i.fputc)
    i.main                                   0x08002840   Section        0  main.o(i.main)
    i.systick_delay_us                       0x080029cc   Section        0  delay.o(i.systick_delay_us)
    .constdata                               0x08002a2c   Section     1520  lcd_fonts.o(.constdata)
    .constdata                               0x0800301c   Section       36  main.o(.constdata)
    .conststring                             0x08003040   Section      123  main.o(.conststring)
    .data                                    0x20000000   Section       16  ir_recv.o(.data)
    .data                                    0x20000010   Section       12  lcd_fonts.o(.data)
    g_LCD_FontEN                             0x20000018   Data           4  lcd_fonts.o(.data)
    .data                                    0x2000001c   Section       10  lcd_ili9341.o(.data)
    g_LCD_TextColor                          0x2000001e   Data           2  lcd_ili9341.o(.data)
    g_LCD_BackColor                          0x20000020   Data           2  lcd_ili9341.o(.data)
    .data                                    0x20000026   Section       16  stm32f4xx_rcc.o(.data)
    APBAHBPrescTable                         0x20000026   Data          16  stm32f4xx_rcc.o(.data)
    .data                                    0x20000038   Section       48  main.o(.data)
    .data                                    0x20000068   Section       20  system_stm32f4xx.o(.data)
    .data                                    0x2000007c   Section        4  stdout.o(.data)
    .bss                                     0x20000080   Section       16  main.o(.bss)
    STACK                                    0x20000090   Section     1024  startup_stm32f40_41xxx.o(STACK)

    Global Symbols

    Symbol Name                              Value     Ov Type        Size  Object(Section)

    BuildAttributes$$THM_ISAv4$E$P$D$K$B$S$7EM$VFPi3$EXTD16$VFPS$VFMA$PE$A:L22UL41UL21$X:L11$S22US41US21$IEEE1$IW$USESV6$~STKCKD$USESV7$~SHL$OSPACE$ROPI$EBA8$MICROLIB$REQ8$PRES8$EABIv2 0x00000000   Number         0  anon$$obj.o ABSOLUTE
    __ARM_use_no_argv                        0x00000000   Number         0  main.o ABSOLUTE
    _printf_a                                0x00000000   Number         0  stubs.o ABSOLUTE
    _printf_c                                0x00000000   Number         0  stubs.o ABSOLUTE
    _printf_charcount                        0x00000000   Number         0  stubs.o ABSOLUTE
    _printf_d                                0x00000000   Number         0  stubs.o ABSOLUTE
    _printf_e                                0x00000000   Number         0  stubs.o ABSOLUTE
    _printf_f                                0x00000000   Number         0  stubs.o ABSOLUTE
    _printf_flags                            0x00000000   Number         0  stubs.o ABSOLUTE
    _printf_fp_dec                           0x00000000   Number         0  stubs.o ABSOLUTE
    _printf_fp_hex                           0x00000000   Number         0  stubs.o ABSOLUTE
    _printf_g                                0x00000000   Number         0  stubs.o ABSOLUTE
    _printf_i                                0x00000000   Number         0  stubs.o ABSOLUTE
    _printf_int_dec                          0x00000000   Number         0  stubs.o ABSOLUTE
    _printf_l                                0x00000000   Number         0  stubs.o ABSOLUTE
    _printf_lc                               0x00000000   Number         0  stubs.o ABSOLUTE
    _printf_ll                               0x00000000   Number         0  stubs.o ABSOLUTE
    _printf_lld                              0x00000000   Number         0  stubs.o ABSOLUTE
    _printf_lli                              0x00000000   Number         0  stubs.o ABSOLUTE
    _printf_llo                              0x00000000   Number         0  stubs.o ABSOLUTE
    _printf_llu                              0x00000000   Number         0  stubs.o ABSOLUTE
    _printf_llx                              0x00000000   Number         0  stubs.o ABSOLUTE
    _printf_longlong_dec                     0x00000000   Number         0  stubs.o ABSOLUTE
    _printf_longlong_hex                     0x00000000   Number         0  stubs.o ABSOLUTE
    _printf_longlong_oct                     0x00000000   Number         0  stubs.o ABSOLUTE
    _printf_ls                               0x00000000   Number         0  stubs.o ABSOLUTE
    _printf_mbtowc                           0x00000000   Number         0  stubs.o ABSOLUTE
    _printf_n                                0x00000000   Number         0  stubs.o ABSOLUTE
    _printf_o                                0x00000000   Number         0  stubs.o ABSOLUTE
    _printf_p                                0x00000000   Number         0  stubs.o ABSOLUTE
    _printf_percent                          0x00000000   Number         0  stubs.o ABSOLUTE
    _printf_pre_padding                      0x00000000   Number         0  stubs.o ABSOLUTE
    _printf_return_value                     0x00000000   Number         0  stubs.o ABSOLUTE
    _printf_s                                0x00000000   Number         0  stubs.o ABSOLUTE
    _printf_sizespec                         0x00000000   Number         0  stubs.o ABSOLUTE
    _printf_str                              0x00000000   Number         0  stubs.o ABSOLUTE
    _printf_truncate_signed                  0x00000000   Number         0  stubs.o ABSOLUTE
    _printf_truncate_unsigned                0x00000000   Number         0  stubs.o ABSOLUTE
    _printf_u                                0x00000000   Number         0  stubs.o ABSOLUTE
    _printf_wc                               0x00000000   Number         0  stubs.o ABSOLUTE
    _printf_wctomb                           0x00000000   Number         0  stubs.o ABSOLUTE
    _printf_widthprec                        0x00000000   Number         0  stubs.o ABSOLUTE
    _printf_x                                0x00000000   Number         0  stubs.o ABSOLUTE
    __cpp_initialize__aeabi_                  - Undefined Weak Reference
    __cxa_finalize                            - Undefined Weak Reference
    __decompress                              - Undefined Weak Reference
    _clock_init                               - Undefined Weak Reference
    _microlib_exit                            - Undefined Weak Reference
    __Vectors_Size                           0x00000188   Number         0  startup_stm32f40_41xxx.o ABSOLUTE
    __Vectors                                0x08000000   Data           4  startup_stm32f40_41xxx.o(RESET)
    __Vectors_End                            0x08000188   Data           0  startup_stm32f40_41xxx.o(RESET)
    __main                                   0x08000189   Thumb Code     0  entry.o(.ARM.Collect$$$$00000000)
    _main_stk                                0x08000189   Thumb Code     0  entry2.o(.ARM.Collect$$$$00000001)
    _main_scatterload                        0x0800018d   Thumb Code     0  entry5.o(.ARM.Collect$$$$00000004)
    __main_after_scatterload                 0x08000191   Thumb Code     0  entry5.o(.ARM.Collect$$$$00000004)
    _main_clock                              0x08000191   Thumb Code     0  entry7b.o(.ARM.Collect$$$$00000008)
    _main_cpp_init                           0x08000191   Thumb Code     0  entry8b.o(.ARM.Collect$$$$0000000A)
    _main_init                               0x08000191   Thumb Code     0  entry9a.o(.ARM.Collect$$$$0000000B)
    __rt_final_cpp                           0x08000199   Thumb Code     0  entry10a.o(.ARM.Collect$$$$0000000D)
    __rt_final_exit                          0x08000199   Thumb Code     0  entry11a.o(.ARM.Collect$$$$0000000F)
    Reset_Handler                            0x0800019d   Thumb Code     8  startup_stm32f40_41xxx.o(.text)
    ADC_IRQHandler                           0x080001b7   Thumb Code     0  startup_stm32f40_41xxx.o(.text)
    CAN1_RX0_IRQHandler                      0x080001b7   Thumb Code     0  startup_stm32f40_41xxx.o(.text)
    CAN1_RX1_IRQHandler                      0x080001b7   Thumb Code     0  startup_stm32f40_41xxx.o(.text)
    CAN1_SCE_IRQHandler                      0x080001b7   Thumb Code     0  startup_stm32f40_41xxx.o(.text)
    CAN1_TX_IRQHandler                       0x080001b7   Thumb Code     0  startup_stm32f40_41xxx.o(.text)
    CAN2_RX0_IRQHandler                      0x080001b7   Thumb Code     0  startup_stm32f40_41xxx.o(.text)
    CAN2_RX1_IRQHandler                      0x080001b7   Thumb Code     0  startup_stm32f40_41xxx.o(.text)
    CAN2_SCE_IRQHandler                      0x080001b7   Thumb Code     0  startup_stm32f40_41xxx.o(.text)
    CAN2_TX_IRQHandler                       0x080001b7   Thumb Code     0  startup_stm32f40_41xxx.o(.text)
    CRYP_IRQHandler                          0x080001b7   Thumb Code     0  startup_stm32f40_41xxx.o(.text)
    DCMI_IRQHandler                          0x080001b7   Thumb Code     0  startup_stm32f40_41xxx.o(.text)
    DMA1_Stream0_IRQHandler                  0x080001b7   Thumb Code     0  startup_stm32f40_41xxx.o(.text)
    DMA1_Stream1_IRQHandler                  0x080001b7   Thumb Code     0  startup_stm32f40_41xxx.o(.text)
    DMA1_Stream2_IRQHandler                  0x080001b7   Thumb Code     0  startup_stm32f40_41xxx.o(.text)
    DMA1_Stream3_IRQHandler                  0x080001b7   Thumb Code     0  startup_stm32f40_41xxx.o(.text)
    DMA1_Stream4_IRQHandler                  0x080001b7   Thumb Code     0  startup_stm32f40_41xxx.o(.text)
    DMA1_Stream5_IRQHandler                  0x080001b7   Thumb Code     0  startup_stm32f40_41xxx.o(.text)
    DMA1_Stream6_IRQHandler                  0x080001b7   Thumb Code     0  startup_stm32f40_41xxx.o(.text)
    DMA1_Stream7_IRQHandler                  0x080001b7   Thumb Code     0  startup_stm32f40_41xxx.o(.text)
    DMA2_Stream0_IRQHandler                  0x080001b7   Thumb Code     0  startup_stm32f40_41xxx.o(.text)
    DMA2_Stream1_IRQHandler                  0x080001b7   Thumb Code     0  startup_stm32f40_41xxx.o(.text)
    DMA2_Stream2_IRQHandler                  0x080001b7   Thumb Code     0  startup_stm32f40_41xxx.o(.text)
    DMA2_Stream3_IRQHandler                  0x080001b7   Thumb Code     0  startup_stm32f40_41xxx.o(.text)
    DMA2_Stream4_IRQHandler                  0x080001b7   Thumb Code     0  startup_stm32f40_41xxx.o(.text)
    DMA2_Stream5_IRQHandler                  0x080001b7   Thumb Code     0  startup_stm32f40_41xxx.o(.text)
    DMA2_Stream6_IRQHandler                  0x080001b7   Thumb Code     0  startup_stm32f40_41xxx.o(.text)
    DMA2_Stream7_IRQHandler                  0x080001b7   Thumb Code     0  startup_stm32f40_41xxx.o(.text)
    ETH_IRQHandler                           0x080001b7   Thumb Code     0  startup_stm32f40_41xxx.o(.text)
    ETH_WKUP_IRQHandler                      0x080001b7   Thumb Code     0  startup_stm32f40_41xxx.o(.text)
    EXTI0_IRQHandler                         0x080001b7   Thumb Code     0  startup_stm32f40_41xxx.o(.text)
    EXTI15_10_IRQHandler                     0x080001b7   Thumb Code     0  startup_stm32f40_41xxx.o(.text)
    EXTI1_IRQHandler                         0x080001b7   Thumb Code     0  startup_stm32f40_41xxx.o(.text)
    EXTI2_IRQHandler                         0x080001b7   Thumb Code     0  startup_stm32f40_41xxx.o(.text)
    EXTI3_IRQHandler                         0x080001b7   Thumb Code     0  startup_stm32f40_41xxx.o(.text)
    EXTI4_IRQHandler                         0x080001b7   Thumb Code     0  startup_stm32f40_41xxx.o(.text)
    EXTI9_5_IRQHandler                       0x080001b7   Thumb Code     0  startup_stm32f40_41xxx.o(.text)
    FLASH_IRQHandler                         0x080001b7   Thumb Code     0  startup_stm32f40_41xxx.o(.text)
    FPU_IRQHandler                           0x080001b7   Thumb Code     0  startup_stm32f40_41xxx.o(.text)
    FSMC_IRQHandler                          0x080001b7   Thumb Code     0  startup_stm32f40_41xxx.o(.text)
    HASH_RNG_IRQHandler                      0x080001b7   Thumb Code     0  startup_stm32f40_41xxx.o(.text)
    I2C1_ER_IRQHandler                       0x080001b7   Thumb Code     0  startup_stm32f40_41xxx.o(.text)
    I2C1_EV_IRQHandler                       0x080001b7   Thumb Code     0  startup_stm32f40_41xxx.o(.text)
    I2C2_ER_IRQHandler                       0x080001b7   Thumb Code     0  startup_stm32f40_41xxx.o(.text)
    I2C2_EV_IRQHandler                       0x080001b7   Thumb Code     0  startup_stm32f40_41xxx.o(.text)
    I2C3_ER_IRQHandler                       0x080001b7   Thumb Code     0  startup_stm32f40_41xxx.o(.text)
    I2C3_EV_IRQHandler                       0x080001b7   Thumb Code     0  startup_stm32f40_41xxx.o(.text)
    OTG_FS_IRQHandler                        0x080001b7   Thumb Code     0  startup_stm32f40_41xxx.o(.text)
    OTG_FS_WKUP_IRQHandler                   0x080001b7   Thumb Code     0  startup_stm32f40_41xxx.o(.text)
    OTG_HS_EP1_IN_IRQHandler                 0x080001b7   Thumb Code     0  startup_stm32f40_41xxx.o(.text)
    OTG_HS_EP1_OUT_IRQHandler                0x080001b7   Thumb Code     0  startup_stm32f40_41xxx.o(.text)
    OTG_HS_IRQHandler                        0x080001b7   Thumb Code     0  startup_stm32f40_41xxx.o(.text)
    OTG_HS_WKUP_IRQHandler                   0x080001b7   Thumb Code     0  startup_stm32f40_41xxx.o(.text)
    PVD_IRQHandler                           0x080001b7   Thumb Code     0  startup_stm32f40_41xxx.o(.text)
    RCC_IRQHandler                           0x080001b7   Thumb Code     0  startup_stm32f40_41xxx.o(.text)
    RTC_Alarm_IRQHandler                     0x080001b7   Thumb Code     0  startup_stm32f40_41xxx.o(.text)
    RTC_WKUP_IRQHandler                      0x080001b7   Thumb Code     0  startup_stm32f40_41xxx.o(.text)
    SDIO_IRQHandler                          0x080001b7   Thumb Code     0  startup_stm32f40_41xxx.o(.text)
    SPI1_IRQHandler                          0x080001b7   Thumb Code     0  startup_stm32f40_41xxx.o(.text)
    SPI2_IRQHandler                          0x080001b7   Thumb Code     0  startup_stm32f40_41xxx.o(.text)
    SPI3_IRQHandler                          0x080001b7   Thumb Code     0  startup_stm32f40_41xxx.o(.text)
    TAMP_STAMP_IRQHandler                    0x080001b7   Thumb Code     0  startup_stm32f40_41xxx.o(.text)
    TIM1_CC_IRQHandler                       0x080001b7   Thumb Code     0  startup_stm32f40_41xxx.o(.text)
    TIM1_TRG_COM_TIM11_IRQHandler            0x080001b7   Thumb Code     0  startup_stm32f40_41xxx.o(.text)
    TIM1_UP_TIM10_IRQHandler                 0x080001b7   Thumb Code     0  startup_stm32f40_41xxx.o(.text)
    TIM2_IRQHandler                          0x080001b7   Thumb Code     0  startup_stm32f40_41xxx.o(.text)
    TIM3_IRQHandler                          0x080001b7   Thumb Code     0  startup_stm32f40_41xxx.o(.text)
    TIM4_IRQHandler                          0x080001b7   Thumb Code     0  startup_stm32f40_41xxx.o(.text)
    TIM5_IRQHandler                          0x080001b7   Thumb Code     0  startup_stm32f40_41xxx.o(.text)
    TIM6_DAC_IRQHandler                      0x080001b7   Thumb Code     0  startup_stm32f40_41xxx.o(.text)
    TIM7_IRQHandler                          0x080001b7   Thumb Code     0  startup_stm32f40_41xxx.o(.text)
    TIM8_BRK_TIM12_IRQHandler                0x080001b7   Thumb Code     0  startup_stm32f40_41xxx.o(.text)
    TIM8_CC_IRQHandler                       0x080001b7   Thumb Code     0  startup_stm32f40_41xxx.o(.text)
    TIM8_TRG_COM_TIM14_IRQHandler            0x080001b7   Thumb Code     0  startup_stm32f40_41xxx.o(.text)
    TIM8_UP_TIM13_IRQHandler                 0x080001b7   Thumb Code     0  startup_stm32f40_41xxx.o(.text)
    UART4_IRQHandler                         0x080001b7   Thumb Code     0  startup_stm32f40_41xxx.o(.text)
    UART5_IRQHandler                         0x080001b7   Thumb Code     0  startup_stm32f40_41xxx.o(.text)
    USART1_IRQHandler                        0x080001b7   Thumb Code     0  startup_stm32f40_41xxx.o(.text)
    USART3_IRQHandler                        0x080001b7   Thumb Code     0  startup_stm32f40_41xxx.o(.text)
    USART6_IRQHandler                        0x080001b7   Thumb Code     0  startup_stm32f40_41xxx.o(.text)
    WWDG_IRQHandler                          0x080001b7   Thumb Code     0  startup_stm32f40_41xxx.o(.text)
    __aeabi_memcpy                           0x080001c1   Thumb Code    36  memcpya.o(.text)
    __aeabi_memcpy4                          0x080001c1   Thumb Code     0  memcpya.o(.text)
    __aeabi_memcpy8                          0x080001c1   Thumb Code     0  memcpya.o(.text)
    __aeabi_uldivmod                         0x080001e5   Thumb Code    98  uldiv.o(.text)
    __aeabi_llsl                             0x08000247   Thumb Code    30  llshl.o(.text)
    _ll_shift_l                              0x08000247   Thumb Code     0  llshl.o(.text)
    __aeabi_llsr                             0x08000265   Thumb Code    32  llushr.o(.text)
    _ll_ushift_r                             0x08000265   Thumb Code     0  llushr.o(.text)
    __scatterload                            0x08000285   Thumb Code    28  init.o(.text)
    __scatterload_rt2                        0x08000285   Thumb Code     0  init.o(.text)
    BusFault_Handler                         0x0800036d   Thumb Code     4  stm32f4xx_it.o(i.BusFault_Handler)
    DebugMon_Handler                         0x08000399   Thumb Code     2  stm32f4xx_it.o(i.DebugMon_Handler)
    FSMC_NORSRAMCmd                          0x0800039d   Thumb Code    46  stm32f4xx_fsmc.o(i.FSMC_NORSRAMCmd)
    FSMC_NORSRAMInit                         0x080003d1   Thumb Code   230  stm32f4xx_fsmc.o(i.FSMC_NORSRAMInit)
    GPIO_Init                                0x080004b7   Thumb Code   144  stm32f4xx_gpio.o(i.GPIO_Init)
    GPIO_PinAFConfig                         0x08000547   Thumb Code    70  stm32f4xx_gpio.o(i.GPIO_PinAFConfig)
    GPIO_ReadInputDataBit                    0x0800058d   Thumb Code    18  stm32f4xx_gpio.o(i.GPIO_ReadInputDataBit)
    GPIO_ResetBits                           0x0800059f   Thumb Code     4  stm32f4xx_gpio.o(i.GPIO_ResetBits)
    GPIO_SetBits                             0x080005a3   Thumb Code     4  stm32f4xx_gpio.o(i.GPIO_SetBits)
    HardFault_Handler                        0x080005a7   Thumb Code     4  stm32f4xx_it.o(i.HardFault_Handler)
    IR_GPIO_Init                             0x080008c5   Thumb Code    50  ir_recv.o(i.IR_GPIO_Init)
    IR_Rece_Proc                             0x080008fd   Thumb Code   300  main.o(i.IR_Rece_Proc)
    IR_Recv                                  0x08000ae5   Thumb Code   108  ir_recv.o(i.IR_Recv)
    IR_Recv_Init                             0x08000b59   Thumb Code    12  ir_recv.o(i.IR_Recv_Init)
    IR_Send                                  0x08000b65   Thumb Code    76  ir_send.o(i.IR_Send)
    IR_Send_GPIO_Init                        0x08000c49   Thumb Code    58  ir_send.o(i.IR_Send_GPIO_Init)
    IR_Send_Init                             0x08000c89   Thumb Code    12  ir_send.o(i.IR_Send_Init)
    IR_Send_PWM_Init                         0x08000c95   Thumb Code    88  ir_send.o(i.IR_Send_PWM_Init)
    IR_Sent_Byte                             0x08000cf1   Thumb Code    62  ir_send.o(i.IR_Sent_Byte)
    IR_TIM_Init                              0x08000d31   Thumb Code   130  ir_recv.o(i.IR_TIM_Init)
    LCD_Clear                                0x08001251   Thumb Code    40  lcd_ili9341.o(i.LCD_Clear)
    LCD_DispMask                             0x0800127d   Thumb Code   110  lcd_ili9341.o(i.LCD_DispMask)
    LCD_DispStringEN                         0x080012f9   Thumb Code   114  lcd_ili9341.o(i.LCD_DispStringEN)
    LCD_GetFontEN                            0x08001375   Thumb Code     6  lcd_fonts.o(i.LCD_GetFontEN)
    LCD_GetLenX                              0x08001381   Thumb Code     6  lcd_ili9341.o(i.LCD_GetLenX)
    LCD_GetLenY                              0x0800138d   Thumb Code     6  lcd_ili9341.o(i.LCD_GetLenY)
    LCD_GetMaskEN                            0x08001399   Thumb Code    42  lcd_fonts.o(i.LCD_GetMaskEN)
    LCD_Init                                 0x080013c9   Thumb Code    34  lcd_ili9341.o(i.LCD_Init)
    LCD_SetBackColor                         0x080017b9   Thumb Code     6  lcd_ili9341.o(i.LCD_SetBackColor)
    LCD_SetTextColor                         0x080017c5   Thumb Code     6  lcd_ili9341.o(i.LCD_SetTextColor)
    MemManage_Handler                        0x0800181d   Thumb Code     4  stm32f4xx_it.o(i.MemManage_Handler)
    NMI_Handler                              0x08001821   Thumb Code     2  stm32f4xx_it.o(i.NMI_Handler)
    NVIC_Init                                0x08001825   Thumb Code   106  misc.o(i.NVIC_Init)
    PendSV_Handler                           0x0800189d   Thumb Code     2  stm32f4xx_it.o(i.PendSV_Handler)
    PwmDisable                               0x080018a1   Thumb Code    20  ir_send.o(i.PwmDisable)
    PwmEnable                                0x080018b9   Thumb Code    20  ir_send.o(i.PwmEnable)
    RCC_AHB1PeriphClockCmd                   0x080018d1   Thumb Code    26  stm32f4xx_rcc.o(i.RCC_AHB1PeriphClockCmd)
    RCC_AHB3PeriphClockCmd                   0x080018f1   Thumb Code    26  stm32f4xx_rcc.o(i.RCC_AHB3PeriphClockCmd)
    RCC_APB1PeriphClockCmd                   0x08001911   Thumb Code    26  stm32f4xx_rcc.o(i.RCC_APB1PeriphClockCmd)
    RCC_APB2PeriphClockCmd                   0x08001931   Thumb Code    26  stm32f4xx_rcc.o(i.RCC_APB2PeriphClockCmd)
    RCC_GetClocksFreq                        0x08001951   Thumb Code   214  stm32f4xx_rcc.o(i.RCC_GetClocksFreq)
    SVC_Handler                              0x08001a39   Thumb Code     2  stm32f4xx_it.o(i.SVC_Handler)
    SysTick_Handler                          0x08001b29   Thumb Code    12  main.o(i.SysTick_Handler)
    SystemInit                               0x08001ba1   Thumb Code    88  system_stm32f4xx.o(i.SystemInit)
    TIM1_BRK_TIM9_IRQHandler                 0x08001d2d   Thumb Code   302  ir_recv.o(i.TIM1_BRK_TIM9_IRQHandler)
    TIM_CCxCmd                               0x08001e81   Thumb Code    30  stm32f4xx_tim.o(i.TIM_CCxCmd)
    TIM_ClearITPendingBit                    0x08001e9f   Thumb Code     6  stm32f4xx_tim.o(i.TIM_ClearITPendingBit)
    TIM_Cmd                                  0x08001ea5   Thumb Code    24  stm32f4xx_tim.o(i.TIM_Cmd)
    TIM_ForcedOC1Config                      0x08001ebd   Thumb Code    18  stm32f4xx_tim.o(i.TIM_ForcedOC1Config)
    TIM_GetCapture1                          0x08001ecf   Thumb Code     6  stm32f4xx_tim.o(i.TIM_GetCapture1)
    TIM_GetITStatus                          0x08001ed5   Thumb Code    34  stm32f4xx_tim.o(i.TIM_GetITStatus)
    TIM_ICInit                               0x08001ef7   Thumb Code   110  stm32f4xx_tim.o(i.TIM_ICInit)
    TIM_ITConfig                             0x08001f65   Thumb Code    18  stm32f4xx_tim.o(i.TIM_ITConfig)
    TIM_OC1Init                              0x08001f79   Thumb Code   114  stm32f4xx_tim.o(i.TIM_OC1Init)
    TIM_SetCounter                           0x08001ff5   Thumb Code     4  stm32f4xx_tim.o(i.TIM_SetCounter)
    TIM_SetIC1Prescaler                      0x08001ff9   Thumb Code    18  stm32f4xx_tim.o(i.TIM_SetIC1Prescaler)
    TIM_SetIC2Prescaler                      0x0800200b   Thumb Code    26  stm32f4xx_tim.o(i.TIM_SetIC2Prescaler)
    TIM_SetIC3Prescaler                      0x08002025   Thumb Code    18  stm32f4xx_tim.o(i.TIM_SetIC3Prescaler)
    TIM_SetIC4Prescaler                      0x08002037   Thumb Code    26  stm32f4xx_tim.o(i.TIM_SetIC4Prescaler)
    TIM_TimeBaseInit                         0x08002051   Thumb Code   104  stm32f4xx_tim.o(i.TIM_TimeBaseInit)
    UART2_Init                               0x080020d5   Thumb Code   162  usart.o(i.UART2_Init)
    USART2_IRQHandler                        0x08002181   Thumb Code    32  usart.o(i.USART2_IRQHandler)
    USART_Cmd                                0x080021a5   Thumb Code    24  stm32f4xx_usart.o(i.USART_Cmd)
    USART_GetFlagStatus                      0x080021bd   Thumb Code    26  stm32f4xx_usart.o(i.USART_GetFlagStatus)
    USART_ITConfig                           0x080021d7   Thumb Code    74  stm32f4xx_usart.o(i.USART_ITConfig)
    USART_Init                               0x08002221   Thumb Code   204  stm32f4xx_usart.o(i.USART_Init)
    USART_ReceiveData                        0x080022f5   Thumb Code    10  stm32f4xx_usart.o(i.USART_ReceiveData)
    USART_SendData                           0x080022ff   Thumb Code     8  stm32f4xx_usart.o(i.USART_SendData)
    UsageFault_Handler                       0x08002307   Thumb Code     4  stm32f4xx_it.o(i.UsageFault_Handler)
    __0printf$8                              0x0800230d   Thumb Code    22  printf8.o(i.__0printf$8)
    __1printf$8                              0x0800230d   Thumb Code     0  printf8.o(i.__0printf$8)
    __2printf                                0x0800230d   Thumb Code     0  printf8.o(i.__0printf$8)
    __0sprintf$8                             0x0800232d   Thumb Code    34  printf8.o(i.__0sprintf$8)
    __1sprintf$8                             0x0800232d   Thumb Code     0  printf8.o(i.__0sprintf$8)
    __2sprintf                               0x0800232d   Thumb Code     0  printf8.o(i.__0sprintf$8)
    __scatterload_copy                       0x08002355   Thumb Code    14  handlers.o(i.__scatterload_copy)
    __scatterload_null                       0x08002363   Thumb Code     2  handlers.o(i.__scatterload_null)
    __scatterload_zeroinit                   0x08002365   Thumb Code    14  handlers.o(i.__scatterload_zeroinit)
    delay_ms                                 0x080027e1   Thumb Code    30  delay.o(i.delay_ms)
    delay_us                                 0x080027ff   Thumb Code    28  delay.o(i.delay_us)
    fputc                                    0x0800281d   Thumb Code    32  usart.o(i.fputc)
    main                                     0x08002841   Thumb Code   318  main.o(i.main)
    systick_delay_us                         0x080029cd   Thumb Code    78  delay.o(i.systick_delay_us)
    ASCII8x16_Table                          0x08002a2c   Data        1520  lcd_fonts.o(.constdata)
    Region$$Table$$Base                      0x080030bc   Number         0  anon$$obj.o(Region$$Table)
    Region$$Table$$Limit                     0x080030dc   Number         0  anon$$obj.o(Region$$Table)
    IRState                                  0x20000000   Data           1  ir_recv.o(.data)
    CapValue                                 0x20000004   Data           4  ir_recv.o(.data)
    IRCount                                  0x20000008   Data           4  ir_recv.o(.data)
    IRData                                   0x2000000c   Data           4  ir_recv.o(.data)
    ASCII_8x16                               0x20000010   Data           8  lcd_fonts.o(.data)
    g_LCD_ScanMode                           0x2000001c   Data           1  lcd_ili9341.o(.data)
    g_LCD_LenX                               0x20000022   Data           2  lcd_ili9341.o(.data)
    g_LCD_LenY                               0x20000024   Data           2  lcd_ili9341.o(.data)
    g_tick                                   0x20000038   Data           4  main.o(.data)
    g_power                                  0x2000003c   Data           1  main.o(.data)
    g_mode                                   0x2000003d   Data           1  main.o(.data)
    g_lastMode                               0x2000003e   Data           1  main.o(.data)
    g_temp                                   0x2000003f   Data           1  main.o(.data)
    g_fan                                    0x20000040   Data           1  main.o(.data)
    g_keyState                               0x20000041   Data           4  main.o(.data)
    g_key1LongDone                           0x20000045   Data           1  main.o(.data)
    g_key4LongDone                           0x20000046   Data           1  main.o(.data)
    g_timerSetup                             0x20000047   Data           1  main.o(.data)
    g_timerActive                            0x20000048   Data           1  main.o(.data)
    g_timerSec                               0x2000004a   Data           2  main.o(.data)
    g_timerTick                              0x2000004c   Data           4  main.o(.data)
    g_timerLastDisp                          0x20000050   Data           4  main.o(.data)
    g_led3On                                 0x20000054   Data           1  main.o(.data)
    g_led3Tick                               0x20000058   Data           4  main.o(.data)
    g_dispDirty                              0x2000005c   Data           1  main.o(.data)
    g_irSendFlag                             0x2000005d   Data           1  main.o(.data)
    g_ac_ctrl_byte                           0x2000005e   Data           1  main.o(.data)
    g_ac_temp_byte                           0x2000005f   Data           1  main.o(.data)
    g_ac_timer_byte                          0x20000060   Data           1  main.o(.data)
    g_ac_frame_idx                           0x20000061   Data           1  main.o(.data)
    g_ac_last_tick                           0x20000064   Data           4  main.o(.data)
    SystemCoreClock                          0x20000068   Data           4  system_stm32f4xx.o(.data)
    AHBPrescTable                            0x2000006c   Data          16  system_stm32f4xx.o(.data)
    __stdout                                 0x2000007c   Data           4  stdout.o(.data)
    g_keyPressTick                           0x20000080   Data          16  main.o(.bss)
    __initial_sp                             0x20000490   Data           0  startup_stm32f40_41xxx.o(STACK)



==============================================================================

Memory Map of the image

  Image Entry point : 0x08000189

  Load Region LR_IROM1 (Base: 0x08000000, Size: 0x0000315c, Max: 0x00080000, ABSOLUTE)

    Execution Region ER_IROM1 (Exec base: 0x08000000, Load base: 0x08000000, Size: 0x000030dc, Max: 0x00080000, ABSOLUTE)

    Exec Addr    Load Addr    Size         Type   Attr      Idx    E Section Name        Object

    0x08000000   0x08000000   0x00000188   Data   RO         5812    RESET               startup_stm32f40_41xxx.o
    0x08000188   0x08000188   0x00000000   Code   RO         5895  * .ARM.Collect$$$$00000000  mc_w.l(entry.o)
    0x08000188   0x08000188   0x00000004   Code   RO         6173    .ARM.Collect$$$$00000001  mc_w.l(entry2.o)
    0x0800018c   0x0800018c   0x00000004   Code   RO         6176    .ARM.Collect$$$$00000004  mc_w.l(entry5.o)
    0x08000190   0x08000190   0x00000000   Code   RO         6178    .ARM.Collect$$$$00000008  mc_w.l(entry7b.o)
    0x08000190   0x08000190   0x00000000   Code   RO         6180    .ARM.Collect$$$$0000000A  mc_w.l(entry8b.o)
    0x08000190   0x08000190   0x00000008   Code   RO         6181    .ARM.Collect$$$$0000000B  mc_w.l(entry9a.o)
    0x08000198   0x08000198   0x00000000   Code   RO         6183    .ARM.Collect$$$$0000000D  mc_w.l(entry10a.o)
    0x08000198   0x08000198   0x00000000   Code   RO         6185    .ARM.Collect$$$$0000000F  mc_w.l(entry11a.o)
    0x08000198   0x08000198   0x00000004   Code   RO         6174    .ARM.Collect$$$$00002712  mc_w.l(entry2.o)
    0x0800019c   0x0800019c   0x00000024   Code   RO         5813    .text               startup_stm32f40_41xxx.o
    0x080001c0   0x080001c0   0x00000024   Code   RO         5898    .text               mc_w.l(memcpya.o)
    0x080001e4   0x080001e4   0x00000062   Code   RO         6190    .text               mc_w.l(uldiv.o)
    0x08000246   0x08000246   0x0000001e   Code   RO         6192    .text               mc_w.l(llshl.o)
    0x08000264   0x08000264   0x00000020   Code   RO         6194    .text               mc_w.l(llushr.o)
    0x08000284   0x08000284   0x00000024   Code   RO         6207    .text               mc_w.l(init.o)
    0x080002a8   0x080002a8   0x000000c4   Code   RO         5616    i.All_GPIO_Config   main.o
    0x0800036c   0x0800036c   0x00000004   Code   RO         5743    i.BusFault_Handler  stm32f4xx_it.o
    0x08000370   0x08000370   0x00000014   Code   RO         5617    i.Buzzer_Off        main.o
    0x08000384   0x08000384   0x00000014   Code   RO         5618    i.Buzzer_On         main.o
    0x08000398   0x08000398   0x00000002   Code   RO         5744    i.DebugMon_Handler  stm32f4xx_it.o
    0x0800039a   0x0800039a   0x00000002   PAD
    0x0800039c   0x0800039c   0x00000034   Code   RO         2488    i.FSMC_NORSRAMCmd   stm32f4xx_fsmc.o
    0x080003d0   0x080003d0   0x000000e6   Code   RO         2490    i.FSMC_NORSRAMInit  stm32f4xx_fsmc.o
    0x080004b6   0x080004b6   0x00000090   Code   RO         2609    i.GPIO_Init         stm32f4xx_gpio.o
    0x08000546   0x08000546   0x00000046   Code   RO         2610    i.GPIO_PinAFConfig  stm32f4xx_gpio.o
    0x0800058c   0x0800058c   0x00000012   Code   RO         2613    i.GPIO_ReadInputDataBit  stm32f4xx_gpio.o
    0x0800059e   0x0800059e   0x00000004   Code   RO         2616    i.GPIO_ResetBits    stm32f4xx_gpio.o
    0x080005a2   0x080005a2   0x00000004   Code   RO         2617    i.GPIO_SetBits      stm32f4xx_gpio.o
    0x080005a6   0x080005a6   0x00000004   Code   RO         5745    i.HardFault_Handler  stm32f4xx_it.o
    0x080005aa   0x080005aa   0x00000002   PAD
    0x080005ac   0x080005ac   0x00000024   Code   RO          328    i.ILI9341_BackLight  lcd_ili9341.o
    0x080005d0   0x080005d0   0x0000005e   Code   RO          329    i.ILI9341_FSMC_Config  lcd_ili9341.o
    0x0800062e   0x0800062e   0x00000002   PAD
    0x08000630   0x08000630   0x00000020   Code   RO          330    i.ILI9341_FillColor  lcd_ili9341.o
    0x08000650   0x08000650   0x0000013c   Code   RO          331    i.ILI9341_GPIO_Config  lcd_ili9341.o
    0x0800078c   0x0800078c   0x00000074   Code   RO          332    i.ILI9341_GramScan  lcd_ili9341.o
    0x08000800   0x08000800   0x00000050   Code   RO          333    i.ILI9341_OpenWindow  lcd_ili9341.o
    0x08000850   0x08000850   0x00000050   Code   RO          334    i.ILI9341_REG_Config  lcd_ili9341.o
    0x080008a0   0x080008a0   0x00000024   Code   RO          335    i.ILI9341_Rst       lcd_ili9341.o
    0x080008c4   0x080008c4   0x00000038   Code   RO          176    i.IR_GPIO_Init      ir_recv.o
    0x080008fc   0x080008fc   0x000001e8   Code   RO         5619    i.IR_Rece_Proc      main.o
    0x08000ae4   0x08000ae4   0x00000074   Code   RO          178    i.IR_Recv           ir_recv.o
    0x08000b58   0x08000b58   0x0000000c   Code   RO          179    i.IR_Recv_Init      ir_recv.o
    0x08000b64   0x08000b64   0x0000004c   Code   RO          233    i.IR_Send           ir_send.o
    0x08000bb0   0x08000bb0   0x00000098   Code   RO         5620    i.IR_Send_AC_Signal  main.o
    0x08000c48   0x08000c48   0x00000040   Code   RO          234    i.IR_Send_GPIO_Init  ir_send.o
    0x08000c88   0x08000c88   0x0000000c   Code   RO          235    i.IR_Send_Init      ir_send.o
    0x08000c94   0x08000c94   0x0000005c   Code   RO          236    i.IR_Send_PWM_Init  ir_send.o
    0x08000cf0   0x08000cf0   0x0000003e   Code   RO          237    i.IR_Sent_Byte      ir_send.o
    0x08000d2e   0x08000d2e   0x00000002   PAD
    0x08000d30   0x08000d30   0x00000088   Code   RO          180    i.IR_TIM_Init       ir_recv.o
    0x08000db8   0x08000db8   0x00000098   Code   RO         5621    i.Key_ReadStable    main.o
    0x08000e50   0x08000e50   0x00000400   Code   RO         5622    i.Key_Scan          main.o
    0x08001250   0x08001250   0x0000002c   Code   RO          336    i.LCD_Clear         lcd_ili9341.o
    0x0800127c   0x0800127c   0x0000007c   Code   RO          337    i.LCD_DispMask      lcd_ili9341.o
    0x080012f8   0x080012f8   0x0000007c   Code   RO          338    i.LCD_DispStringEN  lcd_ili9341.o
    0x08001374   0x08001374   0x0000000c   Code   RO          289    i.LCD_GetFontEN     lcd_fonts.o
    0x08001380   0x08001380   0x0000000c   Code   RO          340    i.LCD_GetLenX       lcd_ili9341.o
    0x0800138c   0x0800138c   0x0000000c   Code   RO          341    i.LCD_GetLenY       lcd_ili9341.o
    0x08001398   0x08001398   0x00000030   Code   RO          290    i.LCD_GetMaskEN     lcd_fonts.o
    0x080013c8   0x080013c8   0x00000028   Code   RO          342    i.LCD_Init          lcd_ili9341.o
    0x080013f0   0x080013f0   0x000003c8   Code   RO         5623    i.LCD_Refresh       main.o
    0x080017b8   0x080017b8   0x0000000c   Code   RO          343    i.LCD_SetBackColor  lcd_ili9341.o
    0x080017c4   0x080017c4   0x0000000c   Code   RO          346    i.LCD_SetTextColor  lcd_ili9341.o
    0x080017d0   0x080017d0   0x00000020   Code   RO         5624    i.LED1_Set          main.o
    0x080017f0   0x080017f0   0x0000002c   Code   RO         5625    i.LED3_Trigger      main.o
    0x0800181c   0x0800181c   0x00000004   Code   RO         5746    i.MemManage_Handler  stm32f4xx_it.o
    0x08001820   0x08001820   0x00000002   Code   RO         5747    i.NMI_Handler       stm32f4xx_it.o
    0x08001822   0x08001822   0x00000002   PAD
    0x08001824   0x08001824   0x00000078   Code   RO          886    i.NVIC_Init         misc.o
    0x0800189c   0x0800189c   0x00000002   Code   RO         5748    i.PendSV_Handler    stm32f4xx_it.o
    0x0800189e   0x0800189e   0x00000002   PAD
    0x080018a0   0x080018a0   0x00000018   Code   RO          238    i.PwmDisable        ir_send.o
    0x080018b8   0x080018b8   0x00000018   Code   RO          239    i.PwmEnable         ir_send.o
    0x080018d0   0x080018d0   0x00000020   Code   RO         3473    i.RCC_AHB1PeriphClockCmd  stm32f4xx_rcc.o
    0x080018f0   0x080018f0   0x00000020   Code   RO         3479    i.RCC_AHB3PeriphClockCmd  stm32f4xx_rcc.o
    0x08001910   0x08001910   0x00000020   Code   RO         3482    i.RCC_APB1PeriphClockCmd  stm32f4xx_rcc.o
    0x08001930   0x08001930   0x00000020   Code   RO         3485    i.RCC_APB2PeriphClockCmd  stm32f4xx_rcc.o
    0x08001950   0x08001950   0x000000e8   Code   RO         3494    i.RCC_GetClocksFreq  stm32f4xx_rcc.o
    0x08001a38   0x08001a38   0x00000002   Code   RO         5749    i.SVC_Handler       stm32f4xx_it.o
    0x08001a3a   0x08001a3a   0x00000002   PAD
    0x08001a3c   0x08001a3c   0x000000ec   Code   RO         5819    i.SetSysClock       system_stm32f4xx.o
    0x08001b28   0x08001b28   0x00000010   Code   RO         5626    i.SysTick_Handler   main.o
    0x08001b38   0x08001b38   0x00000068   Code   RO         5627    i.SysTick_Init      main.o
    0x08001ba0   0x08001ba0   0x00000068   Code   RO         5821    i.SystemInit        system_stm32f4xx.o
    0x08001c08   0x08001c08   0x0000003a   Code   RO         4804    i.TI1_Config        stm32f4xx_tim.o
    0x08001c42   0x08001c42   0x00000050   Code   RO         4805    i.TI2_Config        stm32f4xx_tim.o
    0x08001c92   0x08001c92   0x00000048   Code   RO         4806    i.TI3_Config        stm32f4xx_tim.o
    0x08001cda   0x08001cda   0x00000050   Code   RO         4807    i.TI4_Config        stm32f4xx_tim.o
    0x08001d2a   0x08001d2a   0x00000002   PAD
    0x08001d2c   0x08001d2c   0x00000154   Code   RO          181    i.TIM1_BRK_TIM9_IRQHandler  ir_recv.o
    0x08001e80   0x08001e80   0x0000001e   Code   RO         4812    i.TIM_CCxCmd        stm32f4xx_tim.o
    0x08001e9e   0x08001e9e   0x00000006   Code   RO         4815    i.TIM_ClearITPendingBit  stm32f4xx_tim.o
    0x08001ea4   0x08001ea4   0x00000018   Code   RO         4820    i.TIM_Cmd           stm32f4xx_tim.o
    0x08001ebc   0x08001ebc   0x00000012   Code   RO         4830    i.TIM_ForcedOC1Config  stm32f4xx_tim.o
    0x08001ece   0x08001ece   0x00000006   Code   RO         4835    i.TIM_GetCapture1   stm32f4xx_tim.o
    0x08001ed4   0x08001ed4   0x00000022   Code   RO         4841    i.TIM_GetITStatus   stm32f4xx_tim.o
    0x08001ef6   0x08001ef6   0x0000006e   Code   RO         4843    i.TIM_ICInit        stm32f4xx_tim.o
    0x08001f64   0x08001f64   0x00000012   Code   RO         4845    i.TIM_ITConfig      stm32f4xx_tim.o
    0x08001f76   0x08001f76   0x00000002   PAD
    0x08001f78   0x08001f78   0x0000007c   Code   RO         4849    i.TIM_OC1Init       stm32f4xx_tim.o
    0x08001ff4   0x08001ff4   0x00000004   Code   RO         4886    i.TIM_SetCounter    stm32f4xx_tim.o
    0x08001ff8   0x08001ff8   0x00000012   Code   RO         4887    i.TIM_SetIC1Prescaler  stm32f4xx_tim.o
    0x0800200a   0x0800200a   0x0000001a   Code   RO         4888    i.TIM_SetIC2Prescaler  stm32f4xx_tim.o
    0x08002024   0x08002024   0x00000012   Code   RO         4889    i.TIM_SetIC3Prescaler  stm32f4xx_tim.o
    0x08002036   0x08002036   0x0000001a   Code   RO         4890    i.TIM_SetIC4Prescaler  stm32f4xx_tim.o
    0x08002050   0x08002050   0x00000084   Code   RO         4892    i.TIM_TimeBaseInit  stm32f4xx_tim.o
    0x080020d4   0x080020d4   0x000000ac   Code   RO          640    i.UART2_Init        usart.o
    0x08002180   0x08002180   0x00000024   Code   RO          644    i.USART2_IRQHandler  usart.o
    0x080021a4   0x080021a4   0x00000018   Code   RO         5370    i.USART_Cmd         stm32f4xx_usart.o
    0x080021bc   0x080021bc   0x0000001a   Code   RO         5373    i.USART_GetFlagStatus  stm32f4xx_usart.o
    0x080021d6   0x080021d6   0x0000004a   Code   RO         5376    i.USART_ITConfig    stm32f4xx_usart.o
    0x08002220   0x08002220   0x000000d4   Code   RO         5377    i.USART_Init        stm32f4xx_usart.o
    0x080022f4   0x080022f4   0x0000000a   Code   RO         5384    i.USART_ReceiveData  stm32f4xx_usart.o
    0x080022fe   0x080022fe   0x00000008   Code   RO         5387    i.USART_SendData    stm32f4xx_usart.o
    0x08002306   0x08002306   0x00000004   Code   RO         5750    i.UsageFault_Handler  stm32f4xx_it.o
    0x0800230a   0x0800230a   0x00000002   PAD
    0x0800230c   0x0800230c   0x00000020   Code   RO         6111    i.__0printf$8       mc_w.l(printf8.o)
    0x0800232c   0x0800232c   0x00000028   Code   RO         6113    i.__0sprintf$8      mc_w.l(printf8.o)
    0x08002354   0x08002354   0x0000000e   Code   RO         6211    i.__scatterload_copy  mc_w.l(handlers.o)
    0x08002362   0x08002362   0x00000002   Code   RO         6212    i.__scatterload_null  mc_w.l(handlers.o)
    0x08002364   0x08002364   0x0000000e   Code   RO         6213    i.__scatterload_zeroinit  mc_w.l(handlers.o)
    0x08002372   0x08002372   0x00000002   PAD
    0x08002374   0x08002374   0x00000410   Code   RO         6118    i._printf_core      mc_w.l(printf8.o)
    0x08002784   0x08002784   0x00000024   Code   RO         6119    i._printf_post_padding  mc_w.l(printf8.o)
    0x080027a8   0x080027a8   0x0000002e   Code   RO         6120    i._printf_pre_padding  mc_w.l(printf8.o)
    0x080027d6   0x080027d6   0x0000000a   Code   RO         6122    i._sputc            mc_w.l(printf8.o)
    0x080027e0   0x080027e0   0x0000001e   Code   RO         5856    i.delay_ms          delay.o
    0x080027fe   0x080027fe   0x0000001c   Code   RO         5857    i.delay_us          delay.o
    0x0800281a   0x0800281a   0x00000002   PAD
    0x0800281c   0x0800281c   0x00000024   Code   RO          646    i.fputc             usart.o
    0x08002840   0x08002840   0x0000018c   Code   RO         5628    i.main              main.o
    0x080029cc   0x080029cc   0x00000060   Code   RO         5858    i.systick_delay_us  delay.o
    0x08002a2c   0x08002a2c   0x000005f0   Data   RO          292    .constdata          lcd_fonts.o
    0x0800301c   0x0800301c   0x00000024   Data   RO         5630    .constdata          main.o
    0x08003040   0x08003040   0x0000007b   Data   RO         5631    .conststring        main.o
    0x080030bb   0x080030bb   0x00000001   PAD
    0x080030bc   0x080030bc   0x00000020   Data   RO         6209    Region$$Table       anon$$obj.o


    Execution Region RW_IRAM2 (Exec base: 0x10000000, Load base: 0x0800315c, Size: 0x00000000, Max: 0x00010000, ABSOLUTE)

    **** No section assigned to this execution region ****


    Execution Region RW_IRAM1 (Exec base: 0x20000000, Load base: 0x080030dc, Size: 0x00000490, Max: 0x00020000, ABSOLUTE)

    Exec Addr    Load Addr    Size         Type   Attr      Idx    E Section Name        Object

    0x20000000   0x080030dc   0x00000010   Data   RW          182    .data               ir_recv.o
    0x20000010   0x080030ec   0x0000000c   Data   RW          293    .data               lcd_fonts.o
    0x2000001c   0x080030f8   0x0000000a   Data   RW          347    .data               lcd_ili9341.o
    0x20000026   0x08003102   0x00000010   Data   RW         3526    .data               stm32f4xx_rcc.o
    0x20000036   0x08003112   0x00000002   PAD
    0x20000038   0x08003114   0x00000030   Data   RW         5632    .data               main.o
    0x20000068   0x08003144   0x00000014   Data   RW         5822    .data               system_stm32f4xx.o
    0x2000007c   0x08003158   0x00000004   Data   RW         6187    .data               mc_w.l(stdout.o)
    0x20000080        -       0x00000010   Zero   RW         5629    .bss                main.o
    0x20000090        -       0x00000400   Zero   RW         5810    STACK               startup_stm32f40_41xxx.o


==============================================================================

Image component sizes


      Code (inc. data)   RO Data    RW Data    ZI Data      Debug   Object Name

       154         18          0          0          0       1577   delay.o
         0          0          0          0          0     268248   dht11.o
       660         58          0         16          0       3319   ir_recv.o
       354         18          0          0          0       3732   ir_send.o
        60         12       1520         12          0       2181   lcd_fonts.o
      1170        110          0         10          0      11406   lcd_ili9341.o
      3612        738        159         48         16     264982   main.o
       120         14          0          0          0       1128   misc.o
        36          8        392          0       1024        832   startup_stm32f40_41xxx.o
       282          6          0          0          0       1949   stm32f4xx_fsmc.o
       240          0          0          0          0       3659   stm32f4xx_gpio.o
        24          0          0          0          0       3576   stm32f4xx_it.o
       360         42          0         16          0       5348   stm32f4xx_rcc.o
       884         38          0          0          0      12851   stm32f4xx_tim.o
       354          8          0          0          0       4829   stm32f4xx_usart.o
       340         32          0         20          0       1957   system_stm32f4xx.o
       244         18          0          0          0     288533   usart.o

    ----------------------------------------------------------------------
      8916       1120       2104        124       1040     880107   Object Totals
         0          0         32          0          0          0   (incl. Generated)
        22          0          1          2          0          0   (incl. Padding)

    ----------------------------------------------------------------------

      Code (inc. data)   RO Data    RW Data    ZI Data      Debug   Library Member Name

         0          0          0          0          0          0   entry.o
         0          0          0          0          0          0   entry10a.o
         0          0          0          0          0          0   entry11a.o
         8          4          0          0          0          0   entry2.o
         4          0          0          0          0          0   entry5.o
         0          0          0          0          0          0   entry7b.o
         0          0          0          0          0          0   entry8b.o
         8          4          0          0          0          0   entry9a.o
        30          0          0          0          0          0   handlers.o
        36          8          0          0          0         68   init.o
        30          0          0          0          0         68   llshl.o
        32          0          0          0          0         68   llushr.o
        36          0          0          0          0         68   memcpya.o
      1204         60          0          0          0        504   printf8.o
         0          0          0          4          0          0   stdout.o
        98          0          0          0          0         92   uldiv.o

    ----------------------------------------------------------------------
      1488         76          0          4          0        868   Library Totals
         2          0          0          0          0          0   (incl. Padding)

    ----------------------------------------------------------------------

      Code (inc. data)   RO Data    RW Data    ZI Data      Debug   Library Name

      1486         76          0          4          0        868   mc_w.l

    ----------------------------------------------------------------------
      1488         76          0          4          0        868   Library Totals

    ----------------------------------------------------------------------

==============================================================================


      Code (inc. data)   RO Data    RW Data    ZI Data      Debug   

     10404       1196       2104        128       1040     871663   Grand Totals
     10404       1196       2104        128       1040     871663   ELF Image Totals
     10404       1196       2104        128          0          0   ROM Totals

==============================================================================

    Total RO  Size (Code + RO Data)                12508 (  12.21kB)
    Total RW  Size (RW Data + ZI Data)              1168 (   1.14kB)
    Total ROM Size (Code + RO Data + RW Data)      12636 (  12.34kB)

==============================================================================

